Archive member included to satisfy reference by file (symbol)

/usr/lib/gcc/arm-none-eabi/6.2.0/../../../../arm-none-eabi/lib/armv7e-m/fpu/libc_nano.a(lib_a-atexit.o)
                              /usr/lib/gcc/arm-none-eabi/6.2.0/../../../../arm-none-eabi/lib/armv7e-m/fpu/crt0.o (atexit)
/usr/lib/gcc/arm-none-eabi/6.2.0/../../../../arm-none-eabi/lib/armv7e-m/fpu/libc_nano.a(lib_a-exit.o)
                              /usr/lib/gcc/arm-none-eabi/6.2.0/../../../../arm-none-eabi/lib/armv7e-m/fpu/crt0.o (exit)
/usr/lib/gcc/arm-none-eabi/6.2.0/../../../../arm-none-eabi/lib/armv7e-m/fpu/libc_nano.a(lib_a-fini.o)
                              /usr/lib/gcc/arm-none-eabi/6.2.0/../../../../arm-none-eabi/lib/armv7e-m/fpu/crt0.o (__libc_fini_array)
/usr/lib/gcc/arm-none-eabi/6.2.0/../../../../arm-none-eabi/lib/armv7e-m/fpu/libc_nano.a(lib_a-impure.o)
                              /usr/lib/gcc/arm-none-eabi/6.2.0/../../../../arm-none-eabi/lib/armv7e-m/fpu/libc_nano.a(lib_a-exit.o) (_global_impure_ptr)
/usr/lib/gcc/arm-none-eabi/6.2.0/../../../../arm-none-eabi/lib/armv7e-m/fpu/libc_nano.a(lib_a-init.o)
                              /usr/lib/gcc/arm-none-eabi/6.2.0/../../../../arm-none-eabi/lib/armv7e-m/fpu/crt0.o (__libc_init_array)
/usr/lib/gcc/arm-none-eabi/6.2.0/../../../../arm-none-eabi/lib/armv7e-m/fpu/libc_nano.a(lib_a-memset.o)
                              /usr/lib/gcc/arm-none-eabi/6.2.0/../../../../arm-none-eabi/lib/armv7e-m/fpu/crt0.o (memset)
/usr/lib/gcc/arm-none-eabi/6.2.0/../../../../arm-none-eabi/lib/armv7e-m/fpu/libc_nano.a(lib_a-__atexit.o)
                              /usr/lib/gcc/arm-none-eabi/6.2.0/../../../../arm-none-eabi/lib/armv7e-m/fpu/libc_nano.a(lib_a-atexit.o) (__register_exitproc)
/usr/lib/gcc/arm-none-eabi/6.2.0/../../../../arm-none-eabi/lib/armv7e-m/fpu/libc_nano.a(lib_a-__call_atexit.o)
                              /usr/lib/gcc/arm-none-eabi/6.2.0/../../../../arm-none-eabi/lib/armv7e-m/fpu/libc_nano.a(lib_a-__atexit.o) (__call_exitprocs)
/usr/lib/gcc/arm-none-eabi/6.2.0/../../../../arm-none-eabi/lib/armv7e-m/fpu/libnosys.a(_exit.o)
                              /usr/lib/gcc/arm-none-eabi/6.2.0/../../../../arm-none-eabi/lib/armv7e-m/fpu/libc_nano.a(lib_a-exit.o) (_exit)

Discarded input sections

 .text          0x0000000000000000        0x0 /usr/lib/gcc/arm-none-eabi/6.2.0/armv7e-m/fpu/crti.o
 .data          0x0000000000000000        0x0 /usr/lib/gcc/arm-none-eabi/6.2.0/armv7e-m/fpu/crti.o
 .bss           0x0000000000000000        0x0 /usr/lib/gcc/arm-none-eabi/6.2.0/armv7e-m/fpu/crti.o
 .data          0x0000000000000000        0x4 /usr/lib/gcc/arm-none-eabi/6.2.0/armv7e-m/fpu/crtbegin.o
 .data          0x0000000000000000        0x0 /usr/lib/gcc/arm-none-eabi/6.2.0/../../../../arm-none-eabi/lib/armv7e-m/fpu/crt0.o
 .bss           0x0000000000000000        0x0 /usr/lib/gcc/arm-none-eabi/6.2.0/../../../../arm-none-eabi/lib/armv7e-m/fpu/crt0.o
 .ARM.extab     0x0000000000000000        0x0 /usr/lib/gcc/arm-none-eabi/6.2.0/../../../../arm-none-eabi/lib/armv7e-m/fpu/crt0.o
 .data          0x0000000000000000        0x0 /usr/lib/gcc/arm-none-eabi/6.2.0/../../../../arm-none-eabi/lib/armv7e-m/fpu/libc_nano.a(lib_a-atexit.o)
 .bss           0x0000000000000000        0x0 /usr/lib/gcc/arm-none-eabi/6.2.0/../../../../arm-none-eabi/lib/armv7e-m/fpu/libc_nano.a(lib_a-atexit.o)
 .data          0x0000000000000000        0x0 /usr/lib/gcc/arm-none-eabi/6.2.0/../../../../arm-none-eabi/lib/armv7e-m/fpu/libc_nano.a(lib_a-exit.o)
 .bss           0x0000000000000000        0x0 /usr/lib/gcc/arm-none-eabi/6.2.0/../../../../arm-none-eabi/lib/armv7e-m/fpu/libc_nano.a(lib_a-exit.o)
 .data          0x0000000000000000        0x0 /usr/lib/gcc/arm-none-eabi/6.2.0/../../../../arm-none-eabi/lib/armv7e-m/fpu/libc_nano.a(lib_a-fini.o)
 .bss           0x0000000000000000        0x0 /usr/lib/gcc/arm-none-eabi/6.2.0/../../../../arm-none-eabi/lib/armv7e-m/fpu/libc_nano.a(lib_a-fini.o)
 .text          0x0000000000000000        0x0 /usr/lib/gcc/arm-none-eabi/6.2.0/../../../../arm-none-eabi/lib/armv7e-m/fpu/libc_nano.a(lib_a-impure.o)
 .bss           0x0000000000000000        0x0 /usr/lib/gcc/arm-none-eabi/6.2.0/../../../../arm-none-eabi/lib/armv7e-m/fpu/libc_nano.a(lib_a-impure.o)
 .data          0x0000000000000000        0x0 /usr/lib/gcc/arm-none-eabi/6.2.0/../../../../arm-none-eabi/lib/armv7e-m/fpu/libc_nano.a(lib_a-init.o)
 .bss           0x0000000000000000        0x0 /usr/lib/gcc/arm-none-eabi/6.2.0/../../../../arm-none-eabi/lib/armv7e-m/fpu/libc_nano.a(lib_a-init.o)
 .data          0x0000000000000000        0x0 /usr/lib/gcc/arm-none-eabi/6.2.0/../../../../arm-none-eabi/lib/armv7e-m/fpu/libc_nano.a(lib_a-memset.o)
 .bss           0x0000000000000000        0x0 /usr/lib/gcc/arm-none-eabi/6.2.0/../../../../arm-none-eabi/lib/armv7e-m/fpu/libc_nano.a(lib_a-memset.o)
 .data          0x0000000000000000        0x4 /usr/lib/gcc/arm-none-eabi/6.2.0/../../../../arm-none-eabi/lib/armv7e-m/fpu/libc_nano.a(lib_a-__atexit.o)
[...]
Memory Configuration

Name             Origin             Length             Attributes
FLASH            0x0000000000000000 0x0000000000080000 xr
RAM              0x0000000020000000 0x0000000000010000 xrw
*default*        0x0000000000000000 0xffffffffffffffff

Linker script and memory map


.text           0x0000000000000000     0x1a34
 *(.isr_vector)
 .isr_vector    0x0000000000000000      0x400 _build/gcc_startup_nrf52.o
                0x0000000000000000                __isr_vector
 *(.text*)
 .text          0x0000000000000400       0x6c /usr/lib/gcc/arm-none-eabi/6.2.0/armv7e-m/fpu/crtbegin.o
 .text          0x000000000000046c       0x68 /usr/lib/gcc/arm-none-eabi/6.2.0/../../../../arm-none-eabi/lib/armv7e-m/fpu/crt0.o
                0x000000000000046c                _mainCRTStartup
                0x000000000000046c                _start
 .text          0x00000000000004d4        0xc /usr/lib/gcc/arm-none-eabi/6.2.0/../../../../arm-none-eabi/lib/armv7e-m/fpu/libc_nano.a(lib_a-atexit.o)
                0x00000000000004d4                atexit
 .text          0x00000000000004e0       0x28 /usr/lib/gcc/arm-none-eabi/6.2.0/../../../../arm-none-eabi/lib/armv7e-m/fpu/libc_nano.a(lib_a-exit.o)
                0x00000000000004e0                exit
 .text          0x0000000000000508       0x34 /usr/lib/gcc/arm-none-eabi/6.2.0/../../../../arm-none-eabi/lib/armv7e-m/fpu/libc_nano.a(lib_a-fini.o)
                0x0000000000000508                __libc_fini_array
 .text          0x000000000000053c       0x50 /usr/lib/gcc/arm-none-eabi/6.2.0/../../../../arm-none-eabi/lib/armv7e-m/fpu/libc_nano.a(lib_a-init.o)
                0x000000000000053c                __libc_init_array
 .text          0x000000000000058c       0x9c /usr/lib/gcc/arm-none-eabi/6.2.0/../../../../arm-none-eabi/lib/armv7e-m/fpu/libc_nano.a(lib_a-memset.o)
                0x000000000000058c                memset
 .text          0x0000000000000628       0xd0 /usr/lib/gcc/arm-none-eabi/6.2.0/../../../../arm-none-eabi/lib/armv7e-m/fpu/libc_nano.a(lib_a-__atexit.o)
                0x0000000000000628                __register_exitproc
 .text          0x00000000000006f8       0xf4 /usr/lib/gcc/arm-none-eabi/6.2.0/../../../../arm-none-eabi/lib/armv7e-m/fpu/libc_nano.a(lib_a-__call_atexit.o)
                0x00000000000006f8                __call_exitprocs
 .text          0x00000000000007ec        0x4 /usr/lib/gcc/arm-none-eabi/6.2.0/../../../../arm-none-eabi/lib/armv7e-m/fpu/libnosys.a(_exit.o)
                0x00000000000007ec                _exit
 .text.SystemInit
                0x00000000000007f0      0x2b0 _build/system_nrf52.o
                0x00000000000007f0                SystemInit
 .text.pwm_handler
                0x0000000000000aa0       0x5c _build/main.o
                0x0000000000000aa0                pwm_handler
 .text.low_power_init
                0x0000000000000afc      0x104 _build/main.o
                0x0000000000000afc                low_power_init
 .text.startup.main
                0x0000000000000c00       0x78 _build/main.o
                0x0000000000000c00                main
 .text.app_error_handler_bare
                0x0000000000000c78       0x20 _build/app_error.o
                0x0000000000000c78                app_error_handler_bare
 .text.app_error_fault_handler
                0x0000000000000c98       0x24 _build/app_error_weak.o
                0x0000000000000c98                app_error_fault_handler
 .text.rtc1_stop
                0x0000000000000cbc      0x134 _build/app_timer.o
 .text.RTC1_IRQHandler
                0x0000000000000df0       0xc4 _build/app_timer.o
                0x0000000000000df0                RTC1_IRQHandler
 .text.SWI0_EGU0_IRQHandler
                0x0000000000000eb4      0x500 _build/app_timer.o
                0x0000000000000eb4                SWI0_EGU0_IRQHandler
 .text.app_timer_init
                0x00000000000013b4       0xc0 _build/app_timer.o
                0x00000000000013b4                app_timer_init
 .text.app_timer_create
                0x0000000000001474       0x24 _build/app_timer.o
                0x0000000000001474                app_timer_create
 .text.app_timer_start
                0x0000000000001498       0xd4 _build/app_timer.o
                0x0000000000001498                app_timer_start
 .text.app_util_critical_region_enter
                0x000000000000156c       0x10 _build/app_util_platform.o
                0x000000000000156c                app_util_critical_region_enter
 .text.app_util_critical_region_exit
                0x000000000000157c       0x14 _build/app_util_platform.o
                0x000000000000157c                app_util_critical_region_exit
 .text.pwm_timeout_handler
                0x0000000000001590       0xec _build/low_power_pwm.o
 .text.low_power_pwm_init
                0x000000000000167c       0x70 _build/low_power_pwm.o
                0x000000000000167c                low_power_pwm_init
 .text.low_power_pwm_start
                0x00000000000016ec       0xdc _build/low_power_pwm.o
                0x00000000000016ec                low_power_pwm_start
 .text.low_power_pwm_duty_set
                0x00000000000017c8       0x10 _build/low_power_pwm.o
                0x00000000000017c8                low_power_pwm_duty_set
 .text.nrf_delay_ms
                0x00000000000017d8       0x98 _build/nrf_delay.o
                0x00000000000017d8                nrf_delay_ms
 .text.nrf_drv_clock_init
                0x0000000000001870       0x30 _build/nrf_drv_clock.o
                0x0000000000001870                nrf_drv_clock_init
 .text.nrf_drv_clock_lfclk_request
                0x00000000000018a0       0x60 _build/nrf_drv_clock.o
                0x00000000000018a0                nrf_drv_clock_lfclk_request
 .text.POWER_CLOCK_IRQHandler
                0x0000000000001900       0x78 _build/nrf_drv_clock.o
                0x0000000000001900                POWER_CLOCK_IRQHandler
 .text.nrf_drv_common_irq_enable
                0x0000000000001978       0x50 _build/nrf_drv_common.o
                0x0000000000001978                nrf_drv_common_irq_enable
 .text          0x00000000000019c8       0x3c _build/gcc_startup_nrf52.o
                0x00000000000019c8                Reset_Handler
                0x00000000000019f0                NMI_Handler
                0x00000000000019f2                HardFault_Handler
                0x00000000000019f4                MemoryManagement_Handler
                0x00000000000019f6                BusFault_Handler
                0x00000000000019f8                UsageFault_Handler
                0x00000000000019fa                SVC_Handler
                0x00000000000019fc                DebugMonitor_Handler
                0x00000000000019fe                PendSV_Handler
                0x0000000000001a00                SysTick_Handler
                0x0000000000001a02                TIMER2_IRQHandler
                0x0000000000001a02                RTC0_IRQHandler
                0x0000000000001a02                SWI2_EGU2_IRQHandler
                0x0000000000001a02                GPIOTE_IRQHandler
                0x0000000000001a02                PWM1_IRQHandler
                0x0000000000001a02                RADIO_IRQHandler
                0x0000000000001a02                PDM_IRQHandler
                0x0000000000001a02                TEMP_IRQHandler
                0x0000000000001a02                QDEC_IRQHandler
                0x0000000000001a02                TIMER3_IRQHandler
                0x0000000000001a02                FPU_IRQHandler
                0x0000000000001a02                SPIM0_SPIS0_TWIM0_TWIS0_SPI0_TWI0_IRQHandler
                0x0000000000001a02                UARTE0_UART0_IRQHandler
                0x0000000000001a02                TIMER4_IRQHandler
                0x0000000000001a02                I2S_IRQHandler
                0x0000000000001a02                SWI4_EGU4_IRQHandler
                0x0000000000001a02                TIMER0_IRQHandler
                0x0000000000001a02                TIMER1_IRQHandler
                0x0000000000001a02                PWM2_IRQHandler
                0x0000000000001a02                ECB_IRQHandler
                0x0000000000001a02                SPIM1_SPIS1_TWIM1_TWIS1_SPI1_TWI1_IRQHandler
                0x0000000000001a02                Default_Handler
                0x0000000000001a02                SAADC_IRQHandler
                0x0000000000001a02                CCM_AAR_IRQHandler
                0x0000000000001a02                WDT_IRQHandler
                0x0000000000001a02                SWI5_EGU5_IRQHandler
                0x0000000000001a02                RNG_IRQHandler
                0x0000000000001a02                RTC2_IRQHandler
                0x0000000000001a02                PWM0_IRQHandler
                0x0000000000001a02                SWI3_EGU3_IRQHandler
                0x0000000000001a02                SWI1_EGU1_IRQHandler
                0x0000000000001a02                SPIM2_SPIS2_SPI2_IRQHandler
                0x0000000000001a02                NFCT_IRQHandler
                0x0000000000001a02                MWU_IRQHandler
                0x0000000000001a02                COMP_LPCOMP_IRQHandler
 *(.init)
 .init          0x0000000000001a04        0x4 /usr/lib/gcc/arm-none-eabi/6.2.0/armv7e-m/fpu/crti.o
                0x0000000000001a04                _init
 .init          0x0000000000001a08        0x8 /usr/lib/gcc/arm-none-eabi/6.2.0/armv7e-m/fpu/crtn.o
 *(.fini)
 .fini          0x0000000000001a10        0x4 /usr/lib/gcc/arm-none-eabi/6.2.0/armv7e-m/fpu/crti.o
                0x0000000000001a10                _fini
 .fini          0x0000000000001a14        0x8 /usr/lib/gcc/arm-none-eabi/6.2.0/armv7e-m/fpu/crtn.o
 *crtbegin.o(.ctors)
 *crtbegin?.o(.ctors)
 *(EXCLUDE_FILE(*crtend.o *crtend?.o) .ctors)
 *(SORT(.ctors.*))
 *(.ctors)
 *crtbegin.o(.dtors)
 *crtbegin?.o(.dtors)
 *(EXCLUDE_FILE(*crtend.o *crtend?.o) .dtors)
 *(SORT(.dtors.*))
 *(.dtors)
 *(.rodata*)
 .rodata        0x0000000000001a1c        0x4 /usr/lib/gcc/arm-none-eabi/6.2.0/../../../../arm-none-eabi/lib/armv7e-m/fpu/libc_nano.a(lib_a-impure.o)
                0x0000000000001a1c                _global_impure_ptr
 .rodata.str1.4
                0x0000000000001a20        0x4 /usr/lib/gcc/arm-none-eabi/6.2.0/../../../../arm-none-eabi/lib/armv7e-m/fpu/libc_nano.a(lib_a-impure.o)
                                          0x2 (size before relaxing)
 .rodata.lpp_timer_0.8451
                0x0000000000001a24        0x4 _build/main.o
 .rodata.lpp_timer_1.8455
                0x0000000000001a28        0x4 _build/main.o
 .rodata.lpp_timer_2.8459
                0x0000000000001a2c        0x4 _build/main.o
 *(.eh_frame*)
 .eh_frame      0x0000000000001a30        0x0 /usr/lib/gcc/arm-none-eabi/6.2.0/armv7e-m/fpu/crtbegin.o
 .eh_frame      0x0000000000001a30        0x4 /usr/lib/gcc/arm-none-eabi/6.2.0/armv7e-m/fpu/crtend.o

.glue_7         0x0000000000001a34        0x0
 .glue_7        0x0000000000001a34        0x0 linker stubs

.glue_7t        0x0000000000001a34        0x0
 .glue_7t       0x0000000000001a34        0x0 linker stubs

.vfp11_veneer   0x0000000000001a34        0x0
 .vfp11_veneer  0x0000000000001a34        0x0 linker stubs

.v4_bx          0x0000000000001a34        0x0
 .v4_bx         0x0000000000001a34        0x0 linker stubs

.iplt           0x0000000000001a34        0x0
 .iplt          0x0000000000001a34        0x0 /usr/lib/gcc/arm-none-eabi/6.2.0/armv7e-m/fpu/crtbegin.o

.ARM.extab
 *(.ARM.extab* .gnu.linkonce.armextab.*)
                0x0000000000001a34                __exidx_start = .

.ARM.exidx      0x0000000000001a34        0x8
 *(.ARM.exidx* .gnu.linkonce.armexidx.*)
 .ARM.exidx     0x0000000000001a34        0x8 /usr/lib/gcc/arm-none-eabi/6.2.0/../../../../arm-none-eabi/lib/armv7e-m/fpu/crt0.o
                0x0000000000001a3c                __exidx_end = .
                0x0000000000001a3c                __etext = .

.rel.dyn        0x0000000000001a3c        0x0
 .rel.iplt      0x0000000000001a3c        0x0 /usr/lib/gcc/arm-none-eabi/6.2.0/armv7e-m/fpu/crtbegin.o

.data           0x0000000020000000       0x74 load address 0x0000000000001a3c
                0x0000000020000000                __data_start__ = .
 *(vtable)
 *(.data*)
 .data          0x0000000020000000       0x64 /usr/lib/gcc/arm-none-eabi/6.2.0/../../../../arm-none-eabi/lib/armv7e-m/fpu/libc_nano.a(lib_a-impure.o)
                0x0000000020000000                _impure_ptr
 .data.SystemCoreClock
                0x0000000020000064        0x4 _build/system_nrf52.o
                0x0000000020000064                SystemCoreClock
                0x0000000020000068                . = ALIGN (0x4)
                0x0000000020000068                PROVIDE (__preinit_array_start, .)
 *(.preinit_array)
                0x0000000020000068                PROVIDE (__preinit_array_end, .)
                0x0000000020000068                . = ALIGN (0x4)
                0x0000000020000068                PROVIDE (__init_array_start, .)
 *(SORT(.init_array.*))
 *(.init_array)
 .init_array    0x0000000020000068        0x4 /usr/lib/gcc/arm-none-eabi/6.2.0/armv7e-m/fpu/crtbegin.o
                0x000000002000006c                PROVIDE (__init_array_end, .)
                0x000000002000006c                . = ALIGN (0x4)
                0x000000002000006c                PROVIDE (__fini_array_start, .)
 *(SORT(.fini_array.*))
 *(.fini_array)
 .fini_array    0x000000002000006c        0x4 /usr/lib/gcc/arm-none-eabi/6.2.0/armv7e-m/fpu/crtbegin.o
                0x0000000020000070                PROVIDE (__fini_array_end, .)
 *(.jcr*)
 .jcr           0x0000000020000070        0x0 /usr/lib/gcc/arm-none-eabi/6.2.0/armv7e-m/fpu/crtbegin.o
 .jcr           0x0000000020000070        0x4 /usr/lib/gcc/arm-none-eabi/6.2.0/armv7e-m/fpu/crtend.o
                0x0000000020000074                . = ALIGN (0x4)
                0x0000000020000074                __data_end__ = .
LOAD /usr/lib/gcc/arm-none-eabi/6.2.0/armv7e-m/fpu/crti.o
LOAD /usr/lib/gcc/arm-none-eabi/6.2.0/armv7e-m/fpu/crtbegin.o
LOAD /usr/lib/gcc/arm-none-eabi/6.2.0/../../../../arm-none-eabi/lib/armv7e-m/fpu/crt0.o
LOAD /usr/lib/gcc/arm-none-eabi/6.2.0/../../../../arm-none-eabi/lib/armv7e-m/fpu/libc_nano.a
LOAD /usr/lib/gcc/arm-none-eabi/6.2.0/../../../../arm-none-eabi/lib/armv7e-m/fpu/libnosys.a
LOAD _build/system_nrf52.o
LOAD _build/main.o
LOAD _build/app_error.o
LOAD _build/app_error_weak.o
LOAD _build/app_timer.o
LOAD _build/app_util_platform.o
LOAD _build/low_power_pwm.o
LOAD _build/nrf_assert.o
LOAD _build/nrf_delay.o
LOAD _build/nrf_drv_clock.o
LOAD _build/nrf_drv_common.o
LOAD _build/nrf_nvic.o
LOAD _build/nrf_soc.o
LOAD _build/gcc_startup_nrf52.o
LOAD /usr/lib/gcc/arm-none-eabi/6.2.0/../../../../arm-none-eabi/lib/armv7e-m/fpu/libm.a
START GROUP
LOAD /usr/lib/gcc/arm-none-eabi/6.2.0/armv7e-m/fpu/libgcc.a
LOAD /usr/lib/gcc/arm-none-eabi/6.2.0/../../../../arm-none-eabi/lib/armv7e-m/fpu/libc_nano.a
END GROUP
START GROUP
LOAD /usr/lib/gcc/arm-none-eabi/6.2.0/armv7e-m/fpu/libgcc.a
LOAD /usr/lib/gcc/arm-none-eabi/6.2.0/../../../../arm-none-eabi/lib/armv7e-m/fpu/libc_nano.a
END GROUP
LOAD /usr/lib/gcc/arm-none-eabi/6.2.0/armv7e-m/fpu/crtend.o
LOAD /usr/lib/gcc/arm-none-eabi/6.2.0/armv7e-m/fpu/crtn.o
START GROUP
LOAD /usr/lib/gcc/arm-none-eabi/6.2.0/armv7e-m/fpu/libgcc.a
LOAD /usr/lib/gcc/arm-none-eabi/6.2.0/../../../../arm-none-eabi/lib/armv7e-m/fpu/libc.a
LOAD /usr/lib/gcc/arm-none-eabi/6.2.0/../../../../arm-none-eabi/lib/armv7e-m/fpu/libnosys.a
END GROUP

.igot.plt       0x0000000020000074        0x0 load address 0x0000000000001ab0
 .igot.plt      0x0000000020000074        0x0 /usr/lib/gcc/arm-none-eabi/6.2.0/armv7e-m/fpu/crtbegin.o

.fs_data        0x0000000020000074        0x0
                [!provide]                        PROVIDE (__start_fs_data, .)
 *(.fs_data)
                [!provide]                        PROVIDE (__stop_fs_data, .)

.bss            0x0000000020000074      0x32c load address 0x0000000000001ab0
                0x0000000020000074                . = ALIGN (0x4)
                0x0000000020000074                __bss_start__ = .
 *(.bss*)
 .bss           0x0000000020000074       0x1c /usr/lib/gcc/arm-none-eabi/6.2.0/armv7e-m/fpu/crtbegin.o
 .bss           0x0000000020000090       0x8c /usr/lib/gcc/arm-none-eabi/6.2.0/../../../../arm-none-eabi/lib/armv7e-m/fpu/libc_nano.a(lib_a-__atexit.o)
 .bss           0x000000002000011c        0x4 /usr/lib/gcc/arm-none-eabi/6.2.0/../../../../arm-none-eabi/lib/armv7e-m/fpu/libc_nano.a(lib_a-__call_atexit.o)
                0x000000002000011c                _global_atexit
 .bss.APP_TIMER_BUF.8475
                0x0000000020000120      0x180 _build/main.o
 .bss.led_0.8439
                0x00000000200002a0        0x2 _build/main.o
 .bss.led_1.8440
                0x00000000200002a2        0x2 _build/main.o
 .bss.low_power_pwm_0
                0x00000000200002a4       0x20 _build/main.o
 .bss.low_power_pwm_1
                0x00000000200002c4       0x20 _build/main.o
 .bss.low_power_pwm_2
                0x00000000200002e4       0x20 _build/main.o
 .bss.lpp_timer_0_data.8450
                0x0000000020000304       0x20 _build/main.o
 .bss.lpp_timer_1_data.8454
                0x0000000020000324       0x20 _build/main.o
 .bss.lpp_timer_2_data.8458
                0x0000000020000344       0x20 _build/main.o
 .bss.m_evt_schedule_func
                0x0000000020000364        0x4 _build/app_timer.o
 .bss.m_rtc1_reset
                0x0000000020000368        0x1 _build/app_timer.o
 .bss.m_rtc1_running
                0x0000000020000369        0x1 _build/app_timer.o
 *fill*         0x000000002000036a        0x2 
 .bss.m_ticks_elapsed
                0x000000002000036c        0x8 _build/app_timer.o
 .bss.m_ticks_elapsed_q_read_ind
                0x0000000020000374        0x1 _build/app_timer.o
 .bss.m_ticks_elapsed_q_write_ind
                0x0000000020000375        0x1 _build/app_timer.o
 *fill*         0x0000000020000376        0x2 
 .bss.m_ticks_latest
                0x0000000020000378        0x4 _build/app_timer.o
 .bss.m_user_array_size
                0x000000002000037c        0x1 _build/app_timer.o
 *fill*         0x000000002000037d        0x3 
 .bss.mp_timer_id_head
                0x0000000020000380        0x4 _build/app_timer.o
 .bss.mp_users  0x0000000020000384        0x4 _build/app_timer.o
 .bss.m_in_critical_region
                0x0000000020000388        0x4 _build/app_util_platform.o
 .bss.m_clock_cb
                0x000000002000038c       0x14 _build/nrf_drv_clock.o
 *(COMMON)
                0x00000000200003a0                . = ALIGN (0x4)
                0x00000000200003a0                __bss_end__ = .

.heap           0x00000000200003a0     0x2000
                0x00000000200003a0                __end__ = .
                [!provide]                        PROVIDE (end, .)
 *(.heap*)
 .heap          0x00000000200003a0     0x2000 _build/gcc_startup_nrf52.o
                0x00000000200003a0                __HeapBase
                0x00000000200023a0                __HeapLimit = .

.stack_dummy    0x00000000200003a0     0x2000
 *(.stack*)
 .stack         0x00000000200003a0     0x2000 _build/gcc_startup_nrf52.o
                0x0000000020010000                __StackTop = (ORIGIN (RAM) + LENGTH (RAM))
                0x000000002000e000                __StackLimit = (__StackTop - SIZEOF (.stack_dummy))
                0x0000000020010000                PROVIDE (__stack, __StackTop)
                0x0000000000000001                ASSERT ((__StackLimit >= __HeapLimit), region RAM overflowed with stack)
OUTPUT(_build/nrf52832_xxaa.out elf32-littlearm)

.ARM.attributes
                0x0000000000000000       0x30
 .ARM.attributes
                0x0000000000000000       0x22 /usr/lib/gcc/arm-none-eabi/6.2.0/armv7e-m/fpu/crti.o
 .ARM.attributes
                0x0000000000000022       0x34 /usr/lib/gcc/arm-none-eabi/6.2.0/armv7e-m/fpu/crtbegin.o
 .ARM.attributes
                0x0000000000000056       0x20 /usr/lib/gcc/arm-none-eabi/6.2.0/../../../../arm-none-eabi/lib/armv7e-m/fpu/crt0.o
 .ARM.attributes
                0x0000000000000076       0x34 /usr/lib/gcc/arm-none-eabi/6.2.0/../../../../arm-none-eabi/lib/armv7e-m/fpu/libc_nano.a(lib_a-atexit.o)
 .ARM.attributes
                0x00000000000000aa       0x34 /usr/lib/gcc/arm-none-eabi/6.2.0/../../../../arm-none-eabi/lib/armv7e-m/fpu/libc_nano.a(lib_a-exit.o)
 .ARM.attributes
                0x00000000000000de       0x34 /usr/lib/gcc/arm-none-eabi/6.2.0/../../../../arm-none-eabi/lib/armv7e-m/fpu/libc_nano.a(lib_a-fini.o)
 .ARM.attributes
                0x0000000000000112       0x34 /usr/lib/gcc/arm-none-eabi/6.2.0/../../../../arm-none-eabi/lib/armv7e-m/fpu/libc_nano.a(lib_a-impure.o)
 .ARM.attributes
                0x0000000000000146       0x34 /usr/lib/gcc/arm-none-eabi/6.2.0/../../../../arm-none-eabi/lib/armv7e-m/fpu/libc_nano.a(lib_a-init.o)
 .ARM.attributes
                0x000000000000017a       0x34 /usr/lib/gcc/arm-none-eabi/6.2.0/../../../../arm-none-eabi/lib/armv7e-m/fpu/libc_nano.a(lib_a-memset.o)
 .ARM.attributes
                0x00000000000001ae       0x34 /usr/lib/gcc/arm-none-eabi/6.2.0/../../../../arm-none-eabi/lib/armv7e-m/fpu/libc_nano.a(lib_a-__atexit.o)
 .ARM.attributes
                0x00000000000001e2       0x34 /usr/lib/gcc/arm-none-eabi/6.2.0/../../../../arm-none-eabi/lib/armv7e-m/fpu/libc_nano.a(lib_a-__call_atexit.o)
 .ARM.attributes
                0x0000000000000216       0x34 /usr/lib/gcc/arm-none-eabi/6.2.0/../../../../arm-none-eabi/lib/armv7e-m/fpu/libnosys.a(_exit.o)
 .ARM.attributes
                0x000000000000024a       0x39 _build/system_nrf52.o
 .ARM.attributes
                0x0000000000000283       0x39 _build/main.o
 .ARM.attributes
                0x00000000000002bc       0x39 _build/app_error.o
 .ARM.attributes
                0x00000000000002f5       0x39 _build/app_error_weak.o
 .ARM.attributes
                0x000000000000032e       0x39 _build/app_timer.o
 .ARM.attributes
                0x0000000000000367       0x39 _build/app_util_platform.o
 .ARM.attributes
                0x00000000000003a0       0x39 _build/low_power_pwm.o
 .ARM.attributes
                0x00000000000003d9       0x39 _build/nrf_delay.o
 .ARM.attributes
                0x0000000000000412       0x39 _build/nrf_drv_clock.o
 .ARM.attributes
                0x000000000000044b       0x39 _build/nrf_drv_common.o
 .ARM.attributes
                0x0000000000000484       0x1c _build/gcc_startup_nrf52.o
 .ARM.attributes
                0x00000000000004a0       0x34 /usr/lib/gcc/arm-none-eabi/6.2.0/armv7e-m/fpu/crtend.o
 .ARM.attributes
                0x00000000000004d4       0x22 /usr/lib/gcc/arm-none-eabi/6.2.0/armv7e-m/fpu/crtn.o

.comment        0x0000000000000000       0x42
 .comment       0x0000000000000000       0x21 /usr/lib/gcc/arm-none-eabi/6.2.0/armv7e-m/fpu/crtbegin.o
                                         0x22 (size before relaxing)
 .comment       0x0000000000000021       0x21 /usr/lib/gcc/arm-none-eabi/6.2.0/../../../../arm-none-eabi/lib/armv7e-m/fpu/libc_nano.a(lib_a-atexit.o)
                                         0x22 (size before relaxing)
 .comment       0x0000000000000042       0x22 /usr/lib/gcc/arm-none-eabi/6.2.0/../../../../arm-none-eabi/lib/armv7e-m/fpu/libc_nano.a(lib_a-exit.o)
 .comment       0x0000000000000042       0x22 /usr/lib/gcc/arm-none-eabi/6.2.0/../../../../arm-none-eabi/lib/armv7e-m/fpu/libc_nano.a(lib_a-fini.o)
 .comment       0x0000000000000042       0x22 /usr/lib/gcc/arm-none-eabi/6.2.0/../../../../arm-none-eabi/lib/armv7e-m/fpu/libc_nano.a(lib_a-impure.o)
 .comment       0x0000000000000042       0x22 /usr/lib/gcc/arm-none-eabi/6.2.0/../../../../arm-none-eabi/lib/armv7e-m/fpu/libc_nano.a(lib_a-init.o)
 .comment       0x0000000000000042       0x22 /usr/lib/gcc/arm-none-eabi/6.2.0/../../../../arm-none-eabi/lib/armv7e-m/fpu/libc_nano.a(lib_a-memset.o)
 .comment       0x0000000000000042       0x22 /usr/lib/gcc/arm-none-eabi/6.2.0/../../../../arm-none-eabi/lib/armv7e-m/fpu/libc_nano.a(lib_a-__atexit.o)
 .comment       0x0000000000000042       0x22 /usr/lib/gcc/arm-none-eabi/6.2.0/../../../../arm-none-eabi/lib/armv7e-m/fpu/libc_nano.a(lib_a-__call_atexit.o)
 .comment       0x0000000000000042       0x22 /usr/lib/gcc/arm-none-eabi/6.2.0/../../../../arm-none-eabi/lib/armv7e-m/fpu/libnosys.a(_exit.o)
 .comment       0x0000000000000042       0x22 _build/system_nrf52.o
 .comment       0x0000000000000042       0x22 _build/main.o
 .comment       0x0000000000000042       0x22 _build/app_error.o
 .comment       0x0000000000000042       0x22 _build/app_error_weak.o
 .comment       0x0000000000000042       0x22 _build/app_timer.o
 .comment       0x0000000000000042       0x22 _build/app_util_platform.o
 .comment       0x0000000000000042       0x22 _build/low_power_pwm.o
 .comment       0x0000000000000042       0x22 _build/nrf_delay.o
 .comment       0x0000000000000042       0x22 _build/nrf_drv_clock.o
 .comment       0x0000000000000042       0x22 _build/nrf_drv_common.o
 .comment       0x0000000000000042       0x22 /usr/lib/gcc/arm-none-eabi/6.2.0/armv7e-m/fpu/crtend.o

.debug_line     0x0000000000000000     0x521f
 .debug_line    0x0000000000000000       0x7e /usr/lib/gcc/arm-none-eabi/6.2.0/../../../../arm-none-eabi/lib/armv7e-m/fpu/crt0.o
 .debug_line    0x000000000000007e      0x141 /usr/lib/gcc/arm-none-eabi/6.2.0/../../../../arm-none-eabi/lib/armv7e-m/fpu/libc_nano.a(lib_a-atexit.o)
 .debug_line    0x00000000000001bf      0x145 /usr/lib/gcc/arm-none-eabi/6.2.0/../../../../arm-none-eabi/lib/armv7e-m/fpu/libc_nano.a(lib_a-exit.o)
 .debug_line    0x0000000000000304       0x9f /usr/lib/gcc/arm-none-eabi/6.2.0/../../../../arm-none-eabi/lib/armv7e-m/fpu/libc_nano.a(lib_a-fini.o)
 .debug_line    0x00000000000003a3       0xe1 /usr/lib/gcc/arm-none-eabi/6.2.0/../../../../arm-none-eabi/lib/armv7e-m/fpu/libc_nano.a(lib_a-impure.o)
 .debug_line    0x0000000000000484       0xb8 /usr/lib/gcc/arm-none-eabi/6.2.0/../../../../arm-none-eabi/lib/armv7e-m/fpu/libc_nano.a(lib_a-init.o)
 .debug_line    0x000000000000053c      0x166 /usr/lib/gcc/arm-none-eabi/6.2.0/../../../../arm-none-eabi/lib/armv7e-m/fpu/libc_nano.a(lib_a-memset.o)
 .debug_line    0x00000000000006a2      0x17c /usr/lib/gcc/arm-none-eabi/6.2.0/../../../../arm-none-eabi/lib/armv7e-m/fpu/libc_nano.a(lib_a-__atexit.o)
 .debug_line    0x000000000000081e      0x1a9 /usr/lib/gcc/arm-none-eabi/6.2.0/../../../../arm-none-eabi/lib/armv7e-m/fpu/libc_nano.a(lib_a-__call_atexit.o)
 .debug_line    0x00000000000009c7       0x5b /usr/lib/gcc/arm-none-eabi/6.2.0/../../../../arm-none-eabi/lib/armv7e-m/fpu/libnosys.a(_exit.o)
 .debug_line    0x0000000000000a22      0x403 _build/system_nrf52.o
 .debug_line    0x0000000000000e25      0x9d6 _build/main.o
 .debug_line    0x00000000000017fb      0x544 _build/app_error.o
 .debug_line    0x0000000000001d3f      0x50b _build/app_error_weak.o
 .debug_line    0x000000000000224a      0xb79 _build/app_timer.o
 .debug_line    0x0000000000002dc3      0x56e _build/app_util_platform.o
 .debug_line    0x0000000000003331      0xa73 _build/low_power_pwm.o
 .debug_line    0x0000000000003da4      0x43f _build/nrf_delay.o
 .debug_line    0x00000000000041e3      0x9a0 _build/nrf_drv_clock.o
 .debug_line    0x0000000000004b83      0x69c _build/nrf_drv_common.o

.debug_info     0x0000000000000000     0xe232
 .debug_info    0x0000000000000000       0xa4 /usr/lib/gcc/arm-none-eabi/6.2.0/../../../../arm-none-eabi/lib/armv7e-m/fpu/crt0.o
 .debug_info    0x00000000000000a4      0x902 /usr/lib/gcc/arm-none-eabi/6.2.0/../../../../arm-none-eabi/lib/armv7e-m/fpu/libc_nano.a(lib_a-atexit.o)
 .debug_info    0x00000000000009a6      0x94e /usr/lib/gcc/arm-none-eabi/6.2.0/../../../../arm-none-eabi/lib/armv7e-m/fpu/libc_nano.a(lib_a-exit.o)
 .debug_info    0x00000000000012f4       0xfa /usr/lib/gcc/arm-none-eabi/6.2.0/../../../../arm-none-eabi/lib/armv7e-m/fpu/libc_nano.a(lib_a-fini.o)
 .debug_info    0x00000000000013ee      0x8a0 /usr/lib/gcc/arm-none-eabi/6.2.0/../../../../arm-none-eabi/lib/armv7e-m/fpu/libc_nano.a(lib_a-impure.o)
 .debug_info    0x0000000000001c8e      0x110 /usr/lib/gcc/arm-none-eabi/6.2.0/../../../../arm-none-eabi/lib/armv7e-m/fpu/libc_nano.a(lib_a-init.o)
 .debug_info    0x0000000000001d9e      0x916 /usr/lib/gcc/arm-none-eabi/6.2.0/../../../../arm-none-eabi/lib/armv7e-m/fpu/libc_nano.a(lib_a-memset.o)
 .debug_info    0x00000000000026b4      0x9a0 /usr/lib/gcc/arm-none-eabi/6.2.0/../../../../arm-none-eabi/lib/armv7e-m/fpu/libc_nano.a(lib_a-__atexit.o)
 .debug_info    0x0000000000003054      0x98a /usr/lib/gcc/arm-none-eabi/6.2.0/../../../../arm-none-eabi/lib/armv7e-m/fpu/libc_nano.a(lib_a-__call_atexit.o)
 .debug_info    0x00000000000039de       0x9a /usr/lib/gcc/arm-none-eabi/6.2.0/../../../../arm-none-eabi/lib/armv7e-m/fpu/libnosys.a(_exit.o)
 .debug_info    0x0000000000003a78      0xdb6 _build/system_nrf52.o
 .debug_info    0x000000000000482e     0x10fa _build/main.o
 .debug_info    0x0000000000005928      0xb5f _build/app_error.o
 .debug_info    0x0000000000006487      0xb3a _build/app_error_weak.o
 .debug_info    0x0000000000006fc1     0x250a _build/app_timer.o
 .debug_info    0x00000000000094cb      0x9f4 _build/app_util_platform.o
 .debug_info    0x0000000000009ebf     0x13bc _build/low_power_pwm.o
 .debug_info    0x000000000000b27b      0x93e _build/nrf_delay.o
 .debug_info    0x000000000000bbb9     0x18a2 _build/nrf_drv_clock.o
 .debug_info    0x000000000000d45b      0xdd7 _build/nrf_drv_common.o

.debug_abbrev   0x0000000000000000     0x28d6
 .debug_abbrev  0x0000000000000000       0x14 /usr/lib/gcc/arm-none-eabi/6.2.0/../../../../arm-none-eabi/lib/armv7e-m/fpu/crt0.o
 .debug_abbrev  0x0000000000000014      0x1c0 /usr/lib/gcc/arm-none-eabi/6.2.0/../../../../arm-none-eabi/lib/armv7e-m/fpu/libc_nano.a(lib_a-atexit.o)
 .debug_abbrev  0x00000000000001d4      0x1c4 /usr/lib/gcc/arm-none-eabi/6.2.0/../../../../arm-none-eabi/lib/armv7e-m/fpu/libc_nano.a(lib_a-exit.o)
 .debug_abbrev  0x0000000000000398       0xbd /usr/lib/gcc/arm-none-eabi/6.2.0/../../../../arm-none-eabi/lib/armv7e-m/fpu/libc_nano.a(lib_a-fini.o)
 .debug_abbrev  0x0000000000000455      0x153 /usr/lib/gcc/arm-none-eabi/6.2.0/../../../../arm-none-eabi/lib/armv7e-m/fpu/libc_nano.a(lib_a-impure.o)
 .debug_abbrev  0x00000000000005a8       0xba /usr/lib/gcc/arm-none-eabi/6.2.0/../../../../arm-none-eabi/lib/armv7e-m/fpu/libc_nano.a(lib_a-init.o)
 .debug_abbrev  0x0000000000000662      0x197 /usr/lib/gcc/arm-none-eabi/6.2.0/../../../../arm-none-eabi/lib/armv7e-m/fpu/libc_nano.a(lib_a-memset.o)
 .debug_abbrev  0x00000000000007f9      0x227 /usr/lib/gcc/arm-none-eabi/6.2.0/../../../../arm-none-eabi/lib/armv7e-m/fpu/libc_nano.a(lib_a-__atexit.o)
 .debug_abbrev  0x0000000000000a20      0x210 /usr/lib/gcc/arm-none-eabi/6.2.0/../../../../arm-none-eabi/lib/armv7e-m/fpu/libc_nano.a(lib_a-__call_atexit.o)
 .debug_abbrev  0x0000000000000c30       0x61 /usr/lib/gcc/arm-none-eabi/6.2.0/../../../../arm-none-eabi/lib/armv7e-m/fpu/libnosys.a(_exit.o)
 .debug_abbrev  0x0000000000000c91      0x1e0 _build/system_nrf52.o
 .debug_abbrev  0x0000000000000e71      0x2f4 _build/main.o
 .debug_abbrev  0x0000000000001165      0x22c _build/app_error.o
 .debug_abbrev  0x0000000000001391      0x213 _build/app_error_weak.o
 .debug_abbrev  0x00000000000015a4      0x499 _build/app_timer.o
 .debug_abbrev  0x0000000000001a3d      0x228 _build/app_util_platform.o
 .debug_abbrev  0x0000000000001c65      0x36a _build/low_power_pwm.o
 .debug_abbrev  0x0000000000001fcf      0x20c _build/nrf_delay.o
 .debug_abbrev  0x00000000000021db      0x47f _build/nrf_drv_clock.o
 .debug_abbrev  0x000000000000265a      0x27c _build/nrf_drv_common.o

.debug_aranges  0x0000000000000000      0x378
 .debug_aranges
                0x0000000000000000       0x20 /usr/lib/gcc/arm-none-eabi/6.2.0/../../../../arm-none-eabi/lib/armv7e-m/fpu/crt0.o
 .debug_aranges
                0x0000000000000020       0x20 /usr/lib/gcc/arm-none-eabi/6.2.0/../../../../arm-none-eabi/lib/armv7e-m/fpu/libc_nano.a(lib_a-atexit.o)
 .debug_aranges
                0x0000000000000040       0x20 /usr/lib/gcc/arm-none-eabi/6.2.0/../../../../arm-none-eabi/lib/armv7e-m/fpu/libc_nano.a(lib_a-exit.o)
 .debug_aranges
                0x0000000000000060       0x20 /usr/lib/gcc/arm-none-eabi/6.2.0/../../../../arm-none-eabi/lib/armv7e-m/fpu/libc_nano.a(lib_a-fini.o)
 .debug_aranges
                0x0000000000000080       0x18 /usr/lib/gcc/arm-none-eabi/6.2.0/../../../../arm-none-eabi/lib/armv7e-m/fpu/libc_nano.a(lib_a-impure.o)
 .debug_aranges
                0x0000000000000098       0x20 /usr/lib/gcc/arm-none-eabi/6.2.0/../../../../arm-none-eabi/lib/armv7e-m/fpu/libc_nano.a(lib_a-init.o)
 .debug_aranges
                0x00000000000000b8       0x20 /usr/lib/gcc/arm-none-eabi/6.2.0/../../../../arm-none-eabi/lib/armv7e-m/fpu/libc_nano.a(lib_a-memset.o)
 .debug_aranges
                0x00000000000000d8       0x20 /usr/lib/gcc/arm-none-eabi/6.2.0/../../../../arm-none-eabi/lib/armv7e-m/fpu/libc_nano.a(lib_a-__atexit.o)
 .debug_aranges
                0x00000000000000f8       0x20 /usr/lib/gcc/arm-none-eabi/6.2.0/../../../../arm-none-eabi/lib/armv7e-m/fpu/libc_nano.a(lib_a-__call_atexit.o)
 .debug_aranges
                0x0000000000000118       0x20 /usr/lib/gcc/arm-none-eabi/6.2.0/../../../../arm-none-eabi/lib/armv7e-m/fpu/libnosys.a(_exit.o)
 .debug_aranges
                0x0000000000000138       0x28 _build/system_nrf52.o
 .debug_aranges
                0x0000000000000160       0x30 _build/main.o
 .debug_aranges
                0x0000000000000190       0x30 _build/app_error.o
 .debug_aranges
                0x00000000000001c0       0x20 _build/app_error_weak.o
 .debug_aranges
                0x00000000000001e0       0x68 _build/app_timer.o
 .debug_aranges
                0x0000000000000248       0x38 _build/app_util_platform.o
 .debug_aranges
                0x0000000000000280       0x40 _build/low_power_pwm.o
 .debug_aranges
                0x00000000000002c0       0x20 _build/nrf_delay.o
 .debug_aranges
                0x00000000000002e0       0x78 _build/nrf_drv_clock.o
 .debug_aranges
                0x0000000000000358       0x20 _build/nrf_drv_common.o

.debug_loc      0x0000000000000000     0x2509
 .debug_loc     0x0000000000000000       0x2c /usr/lib/gcc/arm-none-eabi/6.2.0/../../../../arm-none-eabi/lib/armv7e-m/fpu/libc_nano.a(lib_a-atexit.o)
 .debug_loc     0x000000000000002c       0x1e /usr/lib/gcc/arm-none-eabi/6.2.0/../../../../arm-none-eabi/lib/armv7e-m/fpu/libc_nano.a(lib_a-exit.o)
 .debug_loc     0x000000000000004a       0x5c /usr/lib/gcc/arm-none-eabi/6.2.0/../../../../arm-none-eabi/lib/armv7e-m/fpu/libc_nano.a(lib_a-fini.o)
 .debug_loc     0x00000000000000a6       0xae /usr/lib/gcc/arm-none-eabi/6.2.0/../../../../arm-none-eabi/lib/armv7e-m/fpu/libc_nano.a(lib_a-init.o)
 .debug_loc     0x0000000000000154      0x1bd /usr/lib/gcc/arm-none-eabi/6.2.0/../../../../arm-none-eabi/lib/armv7e-m/fpu/libc_nano.a(lib_a-memset.o)
 .debug_loc     0x0000000000000311      0x1e7 /usr/lib/gcc/arm-none-eabi/6.2.0/../../../../arm-none-eabi/lib/armv7e-m/fpu/libc_nano.a(lib_a-__atexit.o)
 .debug_loc     0x00000000000004f8      0x173 /usr/lib/gcc/arm-none-eabi/6.2.0/../../../../arm-none-eabi/lib/armv7e-m/fpu/libc_nano.a(lib_a-__call_atexit.o)
 .debug_loc     0x000000000000066b      0x385 _build/main.o
 .debug_loc     0x00000000000009f0      0x145 _build/app_error.o
 .debug_loc     0x0000000000000b35       0x42 _build/app_error_weak.o
 .debug_loc     0x0000000000000b77      0xfbf _build/app_timer.o
 .debug_loc     0x0000000000001b36      0x55e _build/low_power_pwm.o
 .debug_loc     0x0000000000002094       0x37 _build/nrf_delay.o
 .debug_loc     0x00000000000020cb      0x368 _build/nrf_drv_clock.o
 .debug_loc     0x0000000000002433       0xd6 _build/nrf_drv_common.o

.debug_str      0x0000000000000000    0x7506a
 .debug_str     0x0000000000000000      0x510 /usr/lib/gcc/arm-none-eabi/6.2.0/../../../../arm-none-eabi/lib/armv7e-m/fpu/libc_nano.a(lib_a-atexit.o)
                                        0x62a (size before relaxing)
 .debug_str     0x0000000000000510       0x66 /usr/lib/gcc/arm-none-eabi/6.2.0/../../../../arm-none-eabi/lib/armv7e-m/fpu/libc_nano.a(lib_a-exit.o)
                                        0x62b (size before relaxing)
 .debug_str     0x0000000000000576       0xc3 /usr/lib/gcc/arm-none-eabi/6.2.0/../../../../arm-none-eabi/lib/armv7e-m/fpu/libc_nano.a(lib_a-fini.o)
                                        0x206 (size before relaxing)
 .debug_str     0x0000000000000639       0x97 /usr/lib/gcc/arm-none-eabi/6.2.0/../../../../arm-none-eabi/lib/armv7e-m/fpu/libc_nano.a(lib_a-impure.o)
                                        0x5df (size before relaxing)
 .debug_str     0x00000000000006d0       0x8d /usr/lib/gcc/arm-none-eabi/6.2.0/../../../../arm-none-eabi/lib/armv7e-m/fpu/libc_nano.a(lib_a-init.o)
                                        0x230 (size before relaxing)
 .debug_str     0x000000000000075d       0xa1 /usr/lib/gcc/arm-none-eabi/6.2.0/../../../../arm-none-eabi/lib/armv7e-m/fpu/libc_nano.a(lib_a-memset.o)
                                        0x5f7 (size before relaxing)
 .debug_str     0x00000000000007fe       0x6f /usr/lib/gcc/arm-none-eabi/6.2.0/../../../../arm-none-eabi/lib/armv7e-m/fpu/libc_nano.a(lib_a-__atexit.o)
                                        0x672 (size before relaxing)
 .debug_str     0x000000000000086d       0x4b /usr/lib/gcc/arm-none-eabi/6.2.0/../../../../arm-none-eabi/lib/armv7e-m/fpu/libc_nano.a(lib_a-__call_atexit.o)
                                        0x622 (size before relaxing)
 .debug_str     0x00000000000008b8       0xe4 /usr/lib/gcc/arm-none-eabi/6.2.0/../../../../arm-none-eabi/lib/armv7e-m/fpu/libnosys.a(_exit.o)
                                        0x17a (size before relaxing)
 .debug_str     0x000000000000099c    0x6bddd _build/system_nrf52.o
                                      0x6c844 (size before relaxing)
 .debug_str     0x000000000006c779     0x6a03 _build/main.o
                                      0x73279 (size before relaxing)
 .debug_str     0x000000000007317c      0x132 _build/app_error.o
                                      0x7188e (size before relaxing)
 .debug_str     0x00000000000732ae       0x5e _build/app_error_weak.o
                                      0x71808 (size before relaxing)
 .debug_str     0x000000000007330c     0x10dd _build/app_timer.o
                                      0x72fd7 (size before relaxing)
 .debug_str     0x00000000000743e9       0xe5 _build/app_util_platform.o
                                      0x719b8 (size before relaxing)
 .debug_str     0x00000000000744ce      0x34b _build/low_power_pwm.o
                                      0x726ec (size before relaxing)
 .debug_str     0x0000000000074819       0x69 _build/nrf_delay.o
                                      0x700cf (size before relaxing)
 .debug_str     0x0000000000074882      0x786 _build/nrf_drv_clock.o
                                      0x72b43 (size before relaxing)
 .debug_str     0x0000000000075008       0x62 _build/nrf_drv_common.o
                                      0x721c9 (size before relaxing)

.debug_frame    0x0000000000000000      0x68c
 .debug_frame   0x0000000000000000       0x20 /usr/lib/gcc/arm-none-eabi/6.2.0/../../../../arm-none-eabi/lib/armv7e-m/fpu/libc_nano.a(lib_a-atexit.o)
 .debug_frame   0x0000000000000020       0x28 /usr/lib/gcc/arm-none-eabi/6.2.0/../../../../arm-none-eabi/lib/armv7e-m/fpu/libc_nano.a(lib_a-exit.o)
 .debug_frame   0x0000000000000048       0x34 /usr/lib/gcc/arm-none-eabi/6.2.0/../../../../arm-none-eabi/lib/armv7e-m/fpu/libc_nano.a(lib_a-fini.o)
 .debug_frame   0x000000000000007c       0x2c /usr/lib/gcc/arm-none-eabi/6.2.0/../../../../arm-none-eabi/lib/armv7e-m/fpu/libc_nano.a(lib_a-init.o)
 .debug_frame   0x00000000000000a8       0x34 /usr/lib/gcc/arm-none-eabi/6.2.0/../../../../arm-none-eabi/lib/armv7e-m/fpu/libc_nano.a(lib_a-memset.o)
 .debug_frame   0x00000000000000dc       0x34 /usr/lib/gcc/arm-none-eabi/6.2.0/../../../../arm-none-eabi/lib/armv7e-m/fpu/libc_nano.a(lib_a-__atexit.o)
 .debug_frame   0x0000000000000110       0x40 /usr/lib/gcc/arm-none-eabi/6.2.0/../../../../arm-none-eabi/lib/armv7e-m/fpu/libc_nano.a(lib_a-__call_atexit.o)
 .debug_frame   0x0000000000000150       0x20 /usr/lib/gcc/arm-none-eabi/6.2.0/../../../../arm-none-eabi/lib/armv7e-m/fpu/libnosys.a(_exit.o)
 .debug_frame   0x0000000000000170       0x48 _build/system_nrf52.o
 .debug_frame   0x00000000000001b8       0x74 _build/main.o
 .debug_frame   0x000000000000022c       0x70 _build/app_error.o
 .debug_frame   0x000000000000029c       0x20 _build/app_error_weak.o
 .debug_frame   0x00000000000002bc      0x168 _build/app_timer.o
 .debug_frame   0x0000000000000424       0x50 _build/app_util_platform.o
 .debug_frame   0x0000000000000474       0x8c _build/low_power_pwm.o
 .debug_frame   0x0000000000000500       0x28 _build/nrf_delay.o
 .debug_frame   0x0000000000000528      0x138 _build/nrf_drv_clock.o
 .debug_frame   0x0000000000000660       0x2c _build/nrf_drv_common.o

.debug_ranges   0x0000000000000000      0xf68
 .debug_ranges  0x0000000000000000       0x20 /usr/lib/gcc/arm-none-eabi/6.2.0/../../../../arm-none-eabi/lib/armv7e-m/fpu/libc_nano.a(lib_a-__call_atexit.o)
 .debug_ranges  0x0000000000000020       0xf0 _build/system_nrf52.o
 .debug_ranges  0x0000000000000110      0x188 _build/main.o
 .debug_ranges  0x0000000000000298       0x20 _build/app_error.o
 .debug_ranges  0x00000000000002b8       0x10 _build/app_error_weak.o
 .debug_ranges  0x00000000000002c8      0x620 _build/app_timer.o
 .debug_ranges  0x00000000000008e8       0x28 _build/app_util_platform.o
 .debug_ranges  0x0000000000000910      0x3a8 _build/low_power_pwm.o
 .debug_ranges  0x0000000000000cb8       0x10 _build/nrf_delay.o
 .debug_ranges  0x0000000000000cc8      0x270 _build/nrf_drv_clock.o
 .debug_ranges  0x0000000000000f38       0x30 _build/nrf_drv_common.o

.debug_macro    0x0000000000000000    0x167e2
 .debug_macro   0x0000000000000000       0xf5 _build/system_nrf52.o
 .debug_macro   0x00000000000000f5      0x910 _build/system_nrf52.o
 .debug_macro   0x0000000000000a05       0x22 _build/system_nrf52.o
 .debug_macro   0x0000000000000a27       0x87 _build/system_nrf52.o
 .debug_macro   0x0000000000000aae       0x44 _build/system_nrf52.o
 .debug_macro   0x0000000000000af2       0xfd _build/system_nrf52.o
 .debug_macro   0x0000000000000bef       0x22 _build/system_nrf52.o
 .debug_macro   0x0000000000000c11      0x1df _build/system_nrf52.o
 .debug_macro   0x0000000000000df0       0x22 _build/system_nrf52.o
 .debug_macro   0x0000000000000e12       0x1c _build/system_nrf52.o
 .debug_macro   0x0000000000000e2e       0x2d _build/system_nrf52.o
 .debug_macro   0x0000000000000e5b       0x3b _build/system_nrf52.o
 .debug_macro   0x0000000000000e96       0x50 _build/system_nrf52.o
 .debug_macro   0x0000000000000ee6      0xe66 _build/system_nrf52.o
 .debug_macro   0x0000000000001d4c      0x3a0 _build/system_nrf52.o
 .debug_macro   0x00000000000020ec    0x10245 _build/system_nrf52.o
 .debug_macro   0x0000000000012331     0x12c7 _build/system_nrf52.o
 .debug_macro   0x00000000000135f8       0x7c _build/system_nrf52.o
 .debug_macro   0x0000000000013674       0x1c _build/system_nrf52.o
 .debug_macro   0x0000000000013690      0x331 _build/main.o
 .debug_macro   0x00000000000139c1       0x10 _build/main.o
 .debug_macro   0x00000000000139d1      0x280 _build/main.o
 .debug_macro   0x0000000000013c51       0x22 _build/main.o
 .debug_macro   0x0000000000013c73       0x4c _build/main.o
 .debug_macro   0x0000000000013cbf       0x35 _build/main.o
 .debug_macro   0x0000000000013cf4       0x9c _build/main.o
 .debug_macro   0x0000000000013d90       0x16 _build/main.o
 .debug_macro   0x0000000000013da6       0x97 _build/main.o
 .debug_macro   0x0000000000013e3d      0x330 _build/main.o
 .debug_macro   0x000000000001416d       0xf6 _build/main.o
 .debug_macro   0x0000000000014263       0x10 _build/main.o
 .debug_macro   0x0000000000014273       0x52 _build/main.o
 .debug_macro   0x00000000000142c5       0x16 _build/main.o
 .debug_macro   0x00000000000142db       0x43 _build/main.o
 .debug_macro   0x000000000001431e      0x187 _build/main.o
 .debug_macro   0x00000000000144a5       0x22 _build/main.o
 .debug_macro   0x00000000000144c7       0x3a _build/main.o
 .debug_macro   0x0000000000014501       0x10 _build/main.o
 .debug_macro   0x0000000000014511       0x40 _build/main.o
 .debug_macro   0x0000000000014551       0x6c _build/main.o
 .debug_macro   0x00000000000145bd       0x16 _build/main.o
 .debug_macro   0x00000000000145d3      0x182 _build/main.o
 .debug_macro   0x0000000000014755       0x8e _build/main.o
 .debug_macro   0x00000000000147e3       0x70 _build/main.o
 .debug_macro   0x0000000000014853      0x11e _build/main.o
 .debug_macro   0x0000000000014971       0x52 _build/main.o
 .debug_macro   0x00000000000149c3       0x67 _build/main.o
 .debug_macro   0x0000000000014a2a       0xbb _build/main.o
 .debug_macro   0x0000000000014ae5       0x2b _build/main.o
 .debug_macro   0x0000000000014b10       0x47 _build/main.o
 .debug_macro   0x0000000000014b57       0x10 _build/main.o
 .debug_macro   0x0000000000014b67      0x14b _build/main.o
 .debug_macro   0x0000000000014cb2       0x10 _build/main.o
 .debug_macro   0x0000000000014cc2       0x60 _build/main.o
 .debug_macro   0x0000000000014d22       0x22 _build/main.o
 .debug_macro   0x0000000000014d44      0x279 _build/app_error.o
 .debug_macro   0x0000000000014fbd       0x35 _build/app_error.o
 .debug_macro   0x0000000000014ff2      0x273 _build/app_error_weak.o
 .debug_macro   0x0000000000015265      0x373 _build/app_timer.o
 .debug_macro   0x00000000000155d8       0x41 _build/app_timer.o
 .debug_macro   0x0000000000015619       0x16 _build/app_timer.o
 .debug_macro   0x000000000001562f       0x35 _build/app_timer.o
 .debug_macro   0x0000000000015664       0x16 _build/app_timer.o
 .debug_macro   0x000000000001567a       0x29 _build/app_timer.o
 .debug_macro   0x00000000000156a3       0x16 _build/app_timer.o
 .debug_macro   0x00000000000156b9       0x22 _build/app_timer.o
 .debug_macro   0x00000000000156db       0x37 _build/app_timer.o
 .debug_macro   0x0000000000015712       0x16 _build/app_timer.o
 .debug_macro   0x0000000000015728      0x28c _build/app_util_platform.o
 .debug_macro   0x00000000000159b4       0x28 _build/app_util_platform.o
 .debug_macro   0x00000000000159dc       0x6d _build/app_util_platform.o
 .debug_macro   0x0000000000015a49      0x2e7 _build/low_power_pwm.o
 .debug_macro   0x0000000000015d30       0x46 _build/low_power_pwm.o
 .debug_macro   0x0000000000015d76       0x8d _build/low_power_pwm.o
 .debug_macro   0x0000000000015e03      0x16d _build/low_power_pwm.o
 .debug_macro   0x0000000000015f70       0x4a _build/low_power_pwm.o
 .debug_macro   0x0000000000015fba       0x10 _build/low_power_pwm.o
 .debug_macro   0x0000000000015fca       0x1c _build/low_power_pwm.o
 .debug_macro   0x0000000000015fe6       0x1c _build/low_power_pwm.o
 .debug_macro   0x0000000000016002      0x213 _build/nrf_delay.o
 .debug_macro   0x0000000000016215      0x30b _build/nrf_drv_clock.o
 .debug_macro   0x0000000000016520      0x2c2 _build/nrf_drv_common.o
