Archive member included to satisfy reference by file (symbol)

/usr/lib/gcc/arm-none-eabi/6.2.0/../../../../arm-none-eabi/lib/armv7e-m/fpu/libc_nano.a(lib_a-atexit.o)
                              /usr/lib/gcc/arm-none-eabi/6.2.0/../../../../arm-none-eabi/lib/armv7e-m/fpu/crt0.o (atexit)
/usr/lib/gcc/arm-none-eabi/6.2.0/../../../../arm-none-eabi/lib/armv7e-m/fpu/libc_nano.a(lib_a-exit.o)
                              /usr/lib/gcc/arm-none-eabi/6.2.0/../../../../arm-none-eabi/lib/armv7e-m/fpu/crt0.o (exit)
/usr/lib/gcc/arm-none-eabi/6.2.0/../../../../arm-none-eabi/lib/armv7e-m/fpu/libc_nano.a(lib_a-fini.o)
                              /usr/lib/gcc/arm-none-eabi/6.2.0/../../../../arm-none-eabi/lib/armv7e-m/fpu/crt0.o (__libc_fini_array)
/usr/lib/gcc/arm-none-eabi/6.2.0/../../../../arm-none-eabi/lib/armv7e-m/fpu/libc_nano.a(lib_a-impure.o)
                              /usr/lib/gcc/arm-none-eabi/6.2.0/../../../../arm-none-eabi/lib/armv7e-m/fpu/libc_nano.a(lib_a-exit.o) (_global_impure_ptr)
/usr/lib/gcc/arm-none-eabi/6.2.0/../../../../arm-none-eabi/lib/armv7e-m/fpu/libc_nano.a(lib_a-init.o)
                              /usr/lib/gcc/arm-none-eabi/6.2.0/../../../../arm-none-eabi/lib/armv7e-m/fpu/crt0.o (__libc_init_array)
/usr/lib/gcc/arm-none-eabi/6.2.0/../../../../arm-none-eabi/lib/armv7e-m/fpu/libc_nano.a(lib_a-memset.o)
                              /usr/lib/gcc/arm-none-eabi/6.2.0/../../../../arm-none-eabi/lib/armv7e-m/fpu/crt0.o (memset)
/usr/lib/gcc/arm-none-eabi/6.2.0/../../../../arm-none-eabi/lib/armv7e-m/fpu/libc_nano.a(lib_a-__atexit.o)
                              /usr/lib/gcc/arm-none-eabi/6.2.0/../../../../arm-none-eabi/lib/armv7e-m/fpu/libc_nano.a(lib_a-atexit.o) (__register_exitproc)
/usr/lib/gcc/arm-none-eabi/6.2.0/../../../../arm-none-eabi/lib/armv7e-m/fpu/libc_nano.a(lib_a-__call_atexit.o)
                              /usr/lib/gcc/arm-none-eabi/6.2.0/../../../../arm-none-eabi/lib/armv7e-m/fpu/libc_nano.a(lib_a-__atexit.o) (__call_exitprocs)
/usr/lib/gcc/arm-none-eabi/6.2.0/../../../../arm-none-eabi/lib/armv7e-m/fpu/libnosys.a(_exit.o)
                              /usr/lib/gcc/arm-none-eabi/6.2.0/../../../../arm-none-eabi/lib/armv7e-m/fpu/libc_nano.a(lib_a-exit.o) (_exit)

Allocating common symbols
Common symbol       size              file

m_pwm_ready_counter
                    0x4               _build/app_pwm.o
m_pwm_PWM1_cb       0x24              _build/main.o

Discarded input sections

 .text          0x0000000000000000        0x0 /usr/lib/gcc/arm-none-eabi/6.2.0/armv7e-m/fpu/crti.o
 .data          0x0000000000000000        0x0 /usr/lib/gcc/arm-none-eabi/6.2.0/armv7e-m/fpu/crti.o
 .bss           0x0000000000000000        0x0 /usr/lib/gcc/arm-none-eabi/6.2.0/armv7e-m/fpu/crti.o
 .data          0x0000000000000000        0x4 /usr/lib/gcc/arm-none-eabi/6.2.0/armv7e-m/fpu/crtbegin.o
 .data          0x0000000000000000        0x0 /usr/lib/gcc/arm-none-eabi/6.2.0/../../../../arm-none-eabi/lib/armv7e-m/fpu/crt0.o
 .bss           0x0000000000000000        0x0 /usr/lib/gcc/arm-none-eabi/6.2.0/../../../../arm-none-eabi/lib/armv7e-m/fpu/crt0.o
 .ARM.extab     0x0000000000000000        0x0 /usr/lib/gcc/arm-none-eabi/6.2.0/../../../../arm-none-eabi/lib/armv7e-m/fpu/crt0.o
 .data          0x0000000000000000        0x0 /usr/lib/gcc/arm-none-eabi/6.2.0/../../../../arm-none-eabi/lib/armv7e-m/fpu/libc_nano.a(lib_a-atexit.o)
 .bss           0x0000000000000000        0x0 /usr/lib/gcc/arm-none-eabi/6.2.0/../../../../arm-none-eabi/lib/armv7e-m/fpu/libc_nano.a(lib_a-atexit.o)
 .data          0x0000000000000000        0x0 /usr/lib/gcc/arm-none-eabi/6.2.0/../../../../arm-none-eabi/lib/armv7e-m/fpu/libc_nano.a(lib_a-exit.o)
 .bss           0x0000000000000000        0x0 /usr/lib/gcc/arm-none-eabi/6.2.0/../../../../arm-none-eabi/lib/armv7e-m/fpu/libc_nano.a(lib_a-exit.o)
 .data          0x0000000000000000        0x0 /usr/lib/gcc/arm-none-eabi/6.2.0/../../../../arm-none-eabi/lib/armv7e-m/fpu/libc_nano.a(lib_a-fini.o)
 .bss           0x0000000000000000        0x0 /usr/lib/gcc/arm-none-eabi/6.2.0/../../../../arm-none-eabi/lib/armv7e-m/fpu/libc_nano.a(lib_a-fini.o)
 .text          0x0000000000000000        0x0 /usr/lib/gcc/arm-none-eabi/6.2.0/../../../../arm-none-eabi/lib/armv7e-m/fpu/libc_nano.a(lib_a-impure.o)
 .bss           0x0000000000000000        0x0 /usr/lib/gcc/arm-none-eabi/6.2.0/../../../../arm-none-eabi/lib/armv7e-m/fpu/libc_nano.a(lib_a-impure.o)
 .data          0x0000000000000000        0x0 /usr/lib/gcc/arm-none-eabi/6.2.0/../../../../arm-none-eabi/lib/armv7e-m/fpu/libc_nano.a(lib_a-init.o)
 .bss           0x0000000000000000        0x0 /usr/lib/gcc/arm-none-eabi/6.2.0/../../../../arm-none-eabi/lib/armv7e-m/fpu/libc_nano.a(lib_a-init.o)
 .data          0x0000000000000000        0x0 /usr/lib/gcc/arm-none-eabi/6.2.0/../../../../arm-none-eabi/lib/armv7e-m/fpu/libc_nano.a(lib_a-memset.o)
[...]
Memory Configuration

Name             Origin             Length             Attributes
FLASH            0x0000000000000000 0x0000000000080000 xr
RAM              0x0000000020000000 0x0000000000010000 xrw
*default*        0x0000000000000000 0xffffffffffffffff

Linker script and memory map


.text           0x0000000000000000     0x27ec
 *(.isr_vector)
 .isr_vector    0x0000000000000000      0x400 _build/gcc_startup_nrf52.o
                0x0000000000000000                __isr_vector
 *(.text*)
 .text          0x0000000000000400       0x6c /usr/lib/gcc/arm-none-eabi/6.2.0/armv7e-m/fpu/crtbegin.o
 .text          0x000000000000046c       0x68 /usr/lib/gcc/arm-none-eabi/6.2.0/../../../../arm-none-eabi/lib/armv7e-m/fpu/crt0.o
                0x000000000000046c                _mainCRTStartup
                0x000000000000046c                _start
 .text          0x00000000000004d4        0xc /usr/lib/gcc/arm-none-eabi/6.2.0/../../../../arm-none-eabi/lib/armv7e-m/fpu/libc_nano.a(lib_a-atexit.o)
                0x00000000000004d4                atexit
 .text          0x00000000000004e0       0x28 /usr/lib/gcc/arm-none-eabi/6.2.0/../../../../arm-none-eabi/lib/armv7e-m/fpu/libc_nano.a(lib_a-exit.o)
                0x00000000000004e0                exit
 .text          0x0000000000000508       0x34 /usr/lib/gcc/arm-none-eabi/6.2.0/../../../../arm-none-eabi/lib/armv7e-m/fpu/libc_nano.a(lib_a-fini.o)
                0x0000000000000508                __libc_fini_array
 .text          0x000000000000053c       0x50 /usr/lib/gcc/arm-none-eabi/6.2.0/../../../../arm-none-eabi/lib/armv7e-m/fpu/libc_nano.a(lib_a-init.o)
                0x000000000000053c                __libc_init_array
 .text          0x000000000000058c       0x9c /usr/lib/gcc/arm-none-eabi/6.2.0/../../../../arm-none-eabi/lib/armv7e-m/fpu/libc_nano.a(lib_a-memset.o)
                0x000000000000058c                memset
 .text          0x0000000000000628       0xd0 /usr/lib/gcc/arm-none-eabi/6.2.0/../../../../arm-none-eabi/lib/armv7e-m/fpu/libc_nano.a(lib_a-__atexit.o)
                0x0000000000000628                __register_exitproc
 .text          0x00000000000006f8       0xf4 /usr/lib/gcc/arm-none-eabi/6.2.0/../../../../arm-none-eabi/lib/armv7e-m/fpu/libc_nano.a(lib_a-__call_atexit.o)
                0x00000000000006f8                __call_exitprocs
 .text          0x00000000000007ec        0x4 /usr/lib/gcc/arm-none-eabi/6.2.0/../../../../arm-none-eabi/lib/armv7e-m/fpu/libnosys.a(_exit.o)
                0x00000000000007ec                _exit
 .text.SystemInit
                0x00000000000007f0      0x2b0 _build/system_nrf52.o
                0x00000000000007f0                SystemInit
 .text.pwm_ready_callback
                0x0000000000000aa0        0xc _build/main.o
                0x0000000000000aa0                pwm_ready_callback
 .text.startup.main
                0x0000000000000aac       0x94 _build/main.o
                0x0000000000000aac                main
 .text.app_error_handler_bare
                0x0000000000000b40       0x20 _build/app_error.o
                0x0000000000000b40                app_error_handler_bare
 .text.app_error_fault_handler
                0x0000000000000b60       0x24 _build/app_error_weak.o
                0x0000000000000b60                app_error_fault_handler
 .text.pwm_ready_tick
                0x0000000000000b84       0x84 _build/app_pwm.o
                0x0000000000000b84                pwm_ready_tick
 .text.app_pwm_channel_duty_ticks_set
                0x0000000000000c08      0x484 _build/app_pwm.o
                0x0000000000000c08                app_pwm_channel_duty_ticks_set
 .text.app_pwm_channel_duty_set
                0x000000000000108c      0x498 _build/app_pwm.o
                0x000000000000108c                app_pwm_channel_duty_set
 .text.app_pwm_init
                0x0000000000001524      0x4cc _build/app_pwm.o
                0x0000000000001524                app_pwm_init
 .text.app_pwm_enable
                0x00000000000019f0       0x8c _build/app_pwm.o
                0x00000000000019f0                app_pwm_enable
 .text.app_util_critical_region_enter
                0x0000000000001a7c       0x10 _build/app_util_platform.o
                0x0000000000001a7c                app_util_critical_region_enter
 .text.app_util_critical_region_exit
                0x0000000000001a8c       0x14 _build/app_util_platform.o
                0x0000000000001a8c                app_util_critical_region_exit
 .text.nrf_delay_ms
                0x0000000000001aa0       0x98 _build/nrf_delay.o
                0x0000000000001aa0                nrf_delay_ms
 .text.nrf_drv_common_irq_enable
                0x0000000000001b38       0x50 _build/nrf_drv_common.o
                0x0000000000001b38                nrf_drv_common_irq_enable
 .text.nrf_drv_gpiote_init
                0x0000000000001b88       0x5c _build/nrf_drv_gpiote.o
                0x0000000000001b88                nrf_drv_gpiote_init
 .text.nrf_drv_gpiote_is_init
                0x0000000000001be4       0x14 _build/nrf_drv_gpiote.o
                0x0000000000001be4                nrf_drv_gpiote_is_init
 .text.nrf_drv_gpiote_out_init
                0x0000000000001bf8       0xf0 _build/nrf_drv_gpiote.o
                0x0000000000001bf8                nrf_drv_gpiote_out_init
 .text.nrf_drv_gpiote_out_uninit
                0x0000000000001ce8       0x48 _build/nrf_drv_gpiote.o
                0x0000000000001ce8                nrf_drv_gpiote_out_uninit
 .text.nrf_drv_gpiote_out_task_enable
                0x0000000000001d30       0x38 _build/nrf_drv_gpiote.o
                0x0000000000001d30                nrf_drv_gpiote_out_task_enable
 .text.nrf_drv_gpiote_out_task_addr_get
                0x0000000000001d68       0x1c _build/nrf_drv_gpiote.o
                0x0000000000001d68                nrf_drv_gpiote_out_task_addr_get
 .text.nrf_drv_gpiote_out_task_force
                0x0000000000001d84       0x30 _build/nrf_drv_gpiote.o
                0x0000000000001d84                nrf_drv_gpiote_out_task_force
 .text.GPIOTE_IRQHandler
                0x0000000000001db4      0x3b8 _build/nrf_drv_gpiote.o
                0x0000000000001db4                GPIOTE_IRQHandler
 .text.nrf_drv_ppi_init
                0x000000000000216c       0x14 _build/nrf_drv_ppi.o
                0x000000000000216c                nrf_drv_ppi_init
 .text.nrf_drv_ppi_channel_alloc
                0x0000000000002180       0x68 _build/nrf_drv_ppi.o
                0x0000000000002180                nrf_drv_ppi_channel_alloc
 .text.nrf_drv_ppi_channel_free
                0x00000000000021e8       0x38 _build/nrf_drv_ppi.o
                0x00000000000021e8                nrf_drv_ppi_channel_free
 .text.nrf_drv_ppi_channel_assign
                0x0000000000002220       0x48 _build/nrf_drv_ppi.o
                0x0000000000002220                nrf_drv_ppi_channel_assign
 .text.nrf_drv_ppi_channel_enable
                0x0000000000002268       0x28 _build/nrf_drv_ppi.o
                0x0000000000002268                nrf_drv_ppi_channel_enable
 .text.nrf_drv_ppi_channel_disable
                0x0000000000002290       0x28 _build/nrf_drv_ppi.o
                0x0000000000002290                nrf_drv_ppi_channel_disable
 .text.nrf_drv_ppi_group_alloc
                0x00000000000022b8       0x60 _build/nrf_drv_ppi.o
                0x00000000000022b8                nrf_drv_ppi_group_alloc
 .text.nrf_drv_ppi_group_free
                0x0000000000002318       0x44 _build/nrf_drv_ppi.o
                0x0000000000002318                nrf_drv_ppi_group_free
 .text.nrf_drv_ppi_group_enable
                0x000000000000235c       0x30 _build/nrf_drv_ppi.o
                0x000000000000235c                nrf_drv_ppi_group_enable
 .text.nrf_drv_ppi_channels_remove_from_group
                0x000000000000238c       0x48 _build/nrf_drv_ppi.o
                0x000000000000238c                nrf_drv_ppi_channels_remove_from_group
 .text.nrf_drv_ppi_channels_include_in_group
                0x00000000000023d4       0x48 _build/nrf_drv_ppi.o
                0x00000000000023d4                nrf_drv_ppi_channels_include_in_group
 .text.nrf_drv_timer_init
                0x000000000000241c       0xc8 _build/nrf_drv_timer.o
                0x000000000000241c                nrf_drv_timer_init
 .text.nrf_drv_timer_uninit
                0x00000000000024e4       0x5c _build/nrf_drv_timer.o
                0x00000000000024e4                nrf_drv_timer_uninit
 .text.nrf_drv_timer_enable
                0x0000000000002540       0x1c _build/nrf_drv_timer.o
                0x0000000000002540                nrf_drv_timer_enable
 .text.nrf_drv_timer_clear
                0x000000000000255c        0x8 _build/nrf_drv_timer.o
                0x000000000000255c                nrf_drv_timer_clear
 .text.nrf_drv_timer_compare
                0x0000000000002564       0x28 _build/nrf_drv_timer.o
                0x0000000000002564                nrf_drv_timer_compare
 .text.nrf_drv_timer_extended_compare
                0x000000000000258c       0x48 _build/nrf_drv_timer.o
                0x000000000000258c                nrf_drv_timer_extended_compare
 .text.nrf_drv_timer_compare_int_enable
                0x00000000000025d4       0x24 _build/nrf_drv_timer.o
                0x00000000000025d4                nrf_drv_timer_compare_int_enable
 .text.nrf_drv_timer_compare_int_disable
                0x00000000000025f8       0x10 _build/nrf_drv_timer.o
                0x00000000000025f8                nrf_drv_timer_compare_int_disable
 .text.TIMER0_IRQHandler
                0x0000000000002608       0xa8 _build/nrf_drv_timer.o
                0x0000000000002608                TIMER0_IRQHandler
 .text.TIMER1_IRQHandler
                0x00000000000026b0       0xa8 _build/nrf_drv_timer.o
                0x00000000000026b0                TIMER1_IRQHandler
 .text          0x0000000000002758       0x3c _build/gcc_startup_nrf52.o
                0x0000000000002758                Reset_Handler
                0x0000000000002780                NMI_Handler
                0x0000000000002782                HardFault_Handler
                0x0000000000002784                MemoryManagement_Handler
                0x0000000000002786                BusFault_Handler
                0x0000000000002788                UsageFault_Handler
                0x000000000000278a                SVC_Handler
                0x000000000000278c                DebugMonitor_Handler
                0x000000000000278e                PendSV_Handler
                0x0000000000002790                SysTick_Handler
                0x0000000000002792                TIMER2_IRQHandler
                0x0000000000002792                RTC0_IRQHandler
                0x0000000000002792                SWI0_EGU0_IRQHandler
                0x0000000000002792                SWI2_EGU2_IRQHandler
                0x0000000000002792                PWM1_IRQHandler
                0x0000000000002792                POWER_CLOCK_IRQHandler
                0x0000000000002792                RADIO_IRQHandler
                0x0000000000002792                PDM_IRQHandler
                0x0000000000002792                TEMP_IRQHandler
                0x0000000000002792                QDEC_IRQHandler
                0x0000000000002792                TIMER3_IRQHandler
                0x0000000000002792                FPU_IRQHandler
                0x0000000000002792                SPIM0_SPIS0_TWIM0_TWIS0_SPI0_TWI0_IRQHandler
                0x0000000000002792                UARTE0_UART0_IRQHandler
                0x0000000000002792                TIMER4_IRQHandler
                0x0000000000002792                I2S_IRQHandler
                0x0000000000002792                SWI4_EGU4_IRQHandler
                0x0000000000002792                PWM2_IRQHandler
                0x0000000000002792                ECB_IRQHandler
                0x0000000000002792                SPIM1_SPIS1_TWIM1_TWIS1_SPI1_TWI1_IRQHandler
                0x0000000000002792                Default_Handler
                0x0000000000002792                SAADC_IRQHandler
                0x0000000000002792                CCM_AAR_IRQHandler
                0x0000000000002792                WDT_IRQHandler
                0x0000000000002792                SWI5_EGU5_IRQHandler
                0x0000000000002792                RNG_IRQHandler
                0x0000000000002792                RTC2_IRQHandler
                0x0000000000002792                PWM0_IRQHandler
                0x0000000000002792                SWI3_EGU3_IRQHandler
                0x0000000000002792                RTC1_IRQHandler
                0x0000000000002792                SWI1_EGU1_IRQHandler
                0x0000000000002792                SPIM2_SPIS2_SPI2_IRQHandler
                0x0000000000002792                NFCT_IRQHandler
                0x0000000000002792                MWU_IRQHandler
                0x0000000000002792                COMP_LPCOMP_IRQHandler
 *(.init)
 .init          0x0000000000002794        0x4 /usr/lib/gcc/arm-none-eabi/6.2.0/armv7e-m/fpu/crti.o
                0x0000000000002794                _init
 .init          0x0000000000002798        0x8 /usr/lib/gcc/arm-none-eabi/6.2.0/armv7e-m/fpu/crtn.o
 *(.fini)
 .fini          0x00000000000027a0        0x4 /usr/lib/gcc/arm-none-eabi/6.2.0/armv7e-m/fpu/crti.o
                0x00000000000027a0                _fini
 .fini          0x00000000000027a4        0x8 /usr/lib/gcc/arm-none-eabi/6.2.0/armv7e-m/fpu/crtn.o
 *crtbegin.o(.ctors)
 *crtbegin?.o(.ctors)
 *(EXCLUDE_FILE(*crtend.o *crtend?.o) .ctors)
 *(SORT(.ctors.*))
 *(.ctors)
 *crtbegin.o(.dtors)
 *crtbegin?.o(.dtors)
 *(EXCLUDE_FILE(*crtend.o *crtend?.o) .dtors)
 *(SORT(.dtors.*))
 *(.dtors)
 *(.rodata*)
 .rodata        0x00000000000027ac        0x4 /usr/lib/gcc/arm-none-eabi/6.2.0/../../../../arm-none-eabi/lib/armv7e-m/fpu/libc_nano.a(lib_a-impure.o)
                0x00000000000027ac                _global_impure_ptr
 .rodata.str1.4
                0x00000000000027b0        0x4 /usr/lib/gcc/arm-none-eabi/6.2.0/../../../../arm-none-eabi/lib/armv7e-m/fpu/libc_nano.a(lib_a-impure.o)
                                          0x2 (size before relaxing)
 .rodata        0x00000000000027b4       0x14 _build/main.o
 .rodata.PWM1   0x00000000000027c8        0x8 _build/main.o
                0x00000000000027c8                PWM1
 .rodata.m_pwm_PWM1_timer
                0x00000000000027d0        0x8 _build/main.o
                0x00000000000027d0                m_pwm_PWM1_timer
 .rodata.m_default_config
                0x00000000000027d8       0x10 _build/nrf_drv_timer.o
 *(.eh_frame*)
 .eh_frame      0x00000000000027e8        0x0 /usr/lib/gcc/arm-none-eabi/6.2.0/armv7e-m/fpu/crtbegin.o
 .eh_frame      0x00000000000027e8        0x4 /usr/lib/gcc/arm-none-eabi/6.2.0/armv7e-m/fpu/crtend.o

.glue_7         0x00000000000027ec        0x0
 .glue_7        0x00000000000027ec        0x0 linker stubs

.glue_7t        0x00000000000027ec        0x0
 .glue_7t       0x00000000000027ec        0x0 linker stubs

.vfp11_veneer   0x00000000000027ec        0x0
 .vfp11_veneer  0x00000000000027ec        0x0 linker stubs

.v4_bx          0x00000000000027ec        0x0
 .v4_bx         0x00000000000027ec        0x0 linker stubs

.iplt           0x00000000000027ec        0x0
 .iplt          0x00000000000027ec        0x0 /usr/lib/gcc/arm-none-eabi/6.2.0/armv7e-m/fpu/crtbegin.o

.ARM.extab
 *(.ARM.extab* .gnu.linkonce.armextab.*)
                0x00000000000027ec                __exidx_start = .

.ARM.exidx      0x00000000000027ec        0x8
 *(.ARM.exidx* .gnu.linkonce.armexidx.*)
 .ARM.exidx     0x00000000000027ec        0x8 /usr/lib/gcc/arm-none-eabi/6.2.0/../../../../arm-none-eabi/lib/armv7e-m/fpu/crt0.o
                0x00000000000027f4                __exidx_end = .
                0x00000000000027f4                __etext = .

.rel.dyn        0x00000000000027f4        0x0
 .rel.iplt      0x00000000000027f4        0x0 /usr/lib/gcc/arm-none-eabi/6.2.0/armv7e-m/fpu/crtbegin.o

.data           0x0000000020000000       0x74 load address 0x00000000000027f4
                0x0000000020000000                __data_start__ = .
 *(vtable)
 *(.data*)
 .data          0x0000000020000000       0x64 /usr/lib/gcc/arm-none-eabi/6.2.0/../../../../arm-none-eabi/lib/armv7e-m/fpu/libc_nano.a(lib_a-impure.o)
                0x0000000020000000                _impure_ptr
 .data.SystemCoreClock
                0x0000000020000064        0x4 _build/system_nrf52.o
                0x0000000020000064                SystemCoreClock
                0x0000000020000068                . = ALIGN (0x4)
                0x0000000020000068                PROVIDE (__preinit_array_start, .)
 *(.preinit_array)
                0x0000000020000068                PROVIDE (__preinit_array_end, .)
                0x0000000020000068                . = ALIGN (0x4)
                0x0000000020000068                PROVIDE (__init_array_start, .)
 *(SORT(.init_array.*))
 *(.init_array)
 .init_array    0x0000000020000068        0x4 /usr/lib/gcc/arm-none-eabi/6.2.0/armv7e-m/fpu/crtbegin.o
                0x000000002000006c                PROVIDE (__init_array_end, .)
                0x000000002000006c                . = ALIGN (0x4)
                0x000000002000006c                PROVIDE (__fini_array_start, .)
 *(SORT(.fini_array.*))
 *(.fini_array)
 .fini_array    0x000000002000006c        0x4 /usr/lib/gcc/arm-none-eabi/6.2.0/armv7e-m/fpu/crtbegin.o
                0x0000000020000070                PROVIDE (__fini_array_end, .)
 *(.jcr*)
 .jcr           0x0000000020000070        0x0 /usr/lib/gcc/arm-none-eabi/6.2.0/armv7e-m/fpu/crtbegin.o
 .jcr           0x0000000020000070        0x4 /usr/lib/gcc/arm-none-eabi/6.2.0/armv7e-m/fpu/crtend.o
                0x0000000020000074                . = ALIGN (0x4)
                0x0000000020000074                __data_end__ = .
LOAD /usr/lib/gcc/arm-none-eabi/6.2.0/armv7e-m/fpu/crti.o
LOAD /usr/lib/gcc/arm-none-eabi/6.2.0/armv7e-m/fpu/crtbegin.o
LOAD /usr/lib/gcc/arm-none-eabi/6.2.0/../../../../arm-none-eabi/lib/armv7e-m/fpu/crt0.o
LOAD /usr/lib/gcc/arm-none-eabi/6.2.0/../../../../arm-none-eabi/lib/armv7e-m/fpu/libc_nano.a
LOAD /usr/lib/gcc/arm-none-eabi/6.2.0/../../../../arm-none-eabi/lib/armv7e-m/fpu/libnosys.a
LOAD _build/system_nrf52.o
LOAD _build/main.o
LOAD _build/app_error.o
LOAD _build/app_error_weak.o
LOAD _build/app_pwm.o
LOAD _build/app_util_platform.o
LOAD _build/nrf_assert.o
LOAD _build/nrf_delay.o
LOAD _build/nrf_drv_common.o
LOAD _build/nrf_drv_gpiote.o
LOAD _build/nrf_drv_ppi.o
LOAD _build/nrf_drv_timer.o
LOAD _build/nrf_nvic.o
LOAD _build/nrf_soc.o
LOAD _build/gcc_startup_nrf52.o
LOAD /usr/lib/gcc/arm-none-eabi/6.2.0/../../../../arm-none-eabi/lib/armv7e-m/fpu/libm.a
START GROUP
LOAD /usr/lib/gcc/arm-none-eabi/6.2.0/armv7e-m/fpu/libgcc.a
LOAD /usr/lib/gcc/arm-none-eabi/6.2.0/../../../../arm-none-eabi/lib/armv7e-m/fpu/libc_nano.a
END GROUP
START GROUP
LOAD /usr/lib/gcc/arm-none-eabi/6.2.0/armv7e-m/fpu/libgcc.a
LOAD /usr/lib/gcc/arm-none-eabi/6.2.0/../../../../arm-none-eabi/lib/armv7e-m/fpu/libc_nano.a
END GROUP
LOAD /usr/lib/gcc/arm-none-eabi/6.2.0/armv7e-m/fpu/crtend.o
LOAD /usr/lib/gcc/arm-none-eabi/6.2.0/armv7e-m/fpu/crtn.o
START GROUP
LOAD /usr/lib/gcc/arm-none-eabi/6.2.0/armv7e-m/fpu/libgcc.a
LOAD /usr/lib/gcc/arm-none-eabi/6.2.0/../../../../arm-none-eabi/lib/armv7e-m/fpu/libc.a
LOAD /usr/lib/gcc/arm-none-eabi/6.2.0/../../../../arm-none-eabi/lib/armv7e-m/fpu/libnosys.a
END GROUP

.igot.plt       0x0000000020000074        0x0 load address 0x0000000000002868
 .igot.plt      0x0000000020000074        0x0 /usr/lib/gcc/arm-none-eabi/6.2.0/armv7e-m/fpu/crtbegin.o

.fs_data        0x0000000020000074        0x0
                [!provide]                        PROVIDE (__start_fs_data, .)
 *(.fs_data)
                [!provide]                        PROVIDE (__stop_fs_data, .)

.bss            0x0000000020000074      0x15c load address 0x0000000000002868
                0x0000000020000074                . = ALIGN (0x4)
                0x0000000020000074                __bss_start__ = .
 *(.bss*)
 .bss           0x0000000020000074       0x1c /usr/lib/gcc/arm-none-eabi/6.2.0/armv7e-m/fpu/crtbegin.o
 .bss           0x0000000020000090       0x8c /usr/lib/gcc/arm-none-eabi/6.2.0/../../../../arm-none-eabi/lib/armv7e-m/fpu/libc_nano.a(lib_a-__atexit.o)
 .bss           0x000000002000011c        0x4 /usr/lib/gcc/arm-none-eabi/6.2.0/../../../../arm-none-eabi/lib/armv7e-m/fpu/libc_nano.a(lib_a-__call_atexit.o)
                0x000000002000011c                _global_atexit
 .bss.ready_flag
                0x0000000020000120        0x1 _build/main.o
 *fill*         0x0000000020000121        0x3 
 .bss.m_instances
                0x0000000020000124        0x8 _build/app_pwm.o
 .bss.m_pwm_busy
                0x000000002000012c        0x2 _build/app_pwm.o
 *fill*         0x000000002000012e        0x2 
 .bss.m_pwm_target_value
                0x0000000020000130        0x8 _build/app_pwm.o
 .bss.m_use_ppi_delay_workaround
                0x0000000020000138        0x1 _build/app_pwm.o
 *fill*         0x0000000020000139        0x3 
 .bss.m_in_critical_region
                0x000000002000013c        0x4 _build/app_util_platform.o
 .bss.m_cb      0x0000000020000140       0x48 _build/nrf_drv_gpiote.o
 .bss.m_channels_allocated
                0x0000000020000188        0x4 _build/nrf_drv_ppi.o
 .bss.m_drv_state
                0x000000002000018c        0x1 _build/nrf_drv_ppi.o
 .bss.m_groups_allocated
                0x000000002000018d        0x1 _build/nrf_drv_ppi.o
 *fill*         0x000000002000018e        0x2 
 .bss.m_cb      0x0000000020000190       0x18 _build/nrf_drv_timer.o
 *(COMMON)
 COMMON         0x00000000200001a8       0x24 _build/main.o
                0x00000000200001a8                m_pwm_PWM1_cb
 COMMON         0x00000000200001cc        0x4 _build/app_pwm.o
                0x00000000200001cc                m_pwm_ready_counter
                0x00000000200001d0                . = ALIGN (0x4)
                0x00000000200001d0                __bss_end__ = .

.heap           0x00000000200001d0     0x2000
                0x00000000200001d0                __end__ = .
                [!provide]                        PROVIDE (end, .)
 *(.heap*)
 .heap          0x00000000200001d0     0x2000 _build/gcc_startup_nrf52.o
                0x00000000200001d0                __HeapBase
                0x00000000200021d0                __HeapLimit = .

.stack_dummy    0x00000000200001d0     0x2000
 *(.stack*)
 .stack         0x00000000200001d0     0x2000 _build/gcc_startup_nrf52.o
                0x0000000020010000                __StackTop = (ORIGIN (RAM) + LENGTH (RAM))
                0x000000002000e000                __StackLimit = (__StackTop - SIZEOF (.stack_dummy))
                0x0000000020010000                PROVIDE (__stack, __StackTop)
                0x0000000000000001                ASSERT ((__StackLimit >= __HeapLimit), region RAM overflowed with stack)
OUTPUT(_build/nrf52832_xxaa.out elf32-littlearm)

.ARM.attributes
                0x0000000000000000       0x30
 .ARM.attributes
                0x0000000000000000       0x22 /usr/lib/gcc/arm-none-eabi/6.2.0/armv7e-m/fpu/crti.o
 .ARM.attributes
                0x0000000000000022       0x34 /usr/lib/gcc/arm-none-eabi/6.2.0/armv7e-m/fpu/crtbegin.o
 .ARM.attributes
                0x0000000000000056       0x20 /usr/lib/gcc/arm-none-eabi/6.2.0/../../../../arm-none-eabi/lib/armv7e-m/fpu/crt0.o
 .ARM.attributes
                0x0000000000000076       0x34 /usr/lib/gcc/arm-none-eabi/6.2.0/../../../../arm-none-eabi/lib/armv7e-m/fpu/libc_nano.a(lib_a-atexit.o)
 .ARM.attributes
                0x00000000000000aa       0x34 /usr/lib/gcc/arm-none-eabi/6.2.0/../../../../arm-none-eabi/lib/armv7e-m/fpu/libc_nano.a(lib_a-exit.o)
 .ARM.attributes
                0x00000000000000de       0x34 /usr/lib/gcc/arm-none-eabi/6.2.0/../../../../arm-none-eabi/lib/armv7e-m/fpu/libc_nano.a(lib_a-fini.o)
 .ARM.attributes
                0x0000000000000112       0x34 /usr/lib/gcc/arm-none-eabi/6.2.0/../../../../arm-none-eabi/lib/armv7e-m/fpu/libc_nano.a(lib_a-impure.o)
 .ARM.attributes
                0x0000000000000146       0x34 /usr/lib/gcc/arm-none-eabi/6.2.0/../../../../arm-none-eabi/lib/armv7e-m/fpu/libc_nano.a(lib_a-init.o)
 .ARM.attributes
                0x000000000000017a       0x34 /usr/lib/gcc/arm-none-eabi/6.2.0/../../../../arm-none-eabi/lib/armv7e-m/fpu/libc_nano.a(lib_a-memset.o)
 .ARM.attributes
                0x00000000000001ae       0x34 /usr/lib/gcc/arm-none-eabi/6.2.0/../../../../arm-none-eabi/lib/armv7e-m/fpu/libc_nano.a(lib_a-__atexit.o)
 .ARM.attributes
                0x00000000000001e2       0x34 /usr/lib/gcc/arm-none-eabi/6.2.0/../../../../arm-none-eabi/lib/armv7e-m/fpu/libc_nano.a(lib_a-__call_atexit.o)
 .ARM.attributes
                0x0000000000000216       0x34 /usr/lib/gcc/arm-none-eabi/6.2.0/../../../../arm-none-eabi/lib/armv7e-m/fpu/libnosys.a(_exit.o)
 .ARM.attributes
                0x000000000000024a       0x39 _build/system_nrf52.o
 .ARM.attributes
                0x0000000000000283       0x39 _build/main.o
 .ARM.attributes
                0x00000000000002bc       0x39 _build/app_error.o
 .ARM.attributes
                0x00000000000002f5       0x39 _build/app_error_weak.o
 .ARM.attributes
                0x000000000000032e       0x39 _build/app_pwm.o
 .ARM.attributes
                0x0000000000000367       0x39 _build/app_util_platform.o
 .ARM.attributes
                0x00000000000003a0       0x39 _build/nrf_delay.o
 .ARM.attributes
                0x00000000000003d9       0x39 _build/nrf_drv_common.o
 .ARM.attributes
                0x0000000000000412       0x39 _build/nrf_drv_gpiote.o
 .ARM.attributes
                0x000000000000044b       0x39 _build/nrf_drv_ppi.o
 .ARM.attributes
                0x0000000000000484       0x39 _build/nrf_drv_timer.o
 .ARM.attributes
                0x00000000000004bd       0x1c _build/gcc_startup_nrf52.o
 .ARM.attributes
                0x00000000000004d9       0x34 /usr/lib/gcc/arm-none-eabi/6.2.0/armv7e-m/fpu/crtend.o
 .ARM.attributes
                0x000000000000050d       0x22 /usr/lib/gcc/arm-none-eabi/6.2.0/armv7e-m/fpu/crtn.o

.comment        0x0000000000000000       0x42
 .comment       0x0000000000000000       0x21 /usr/lib/gcc/arm-none-eabi/6.2.0/armv7e-m/fpu/crtbegin.o
                                         0x22 (size before relaxing)
 .comment       0x0000000000000021       0x21 /usr/lib/gcc/arm-none-eabi/6.2.0/../../../../arm-none-eabi/lib/armv7e-m/fpu/libc_nano.a(lib_a-atexit.o)
                                         0x22 (size before relaxing)
 .comment       0x0000000000000042       0x22 /usr/lib/gcc/arm-none-eabi/6.2.0/../../../../arm-none-eabi/lib/armv7e-m/fpu/libc_nano.a(lib_a-exit.o)
 .comment       0x0000000000000042       0x22 /usr/lib/gcc/arm-none-eabi/6.2.0/../../../../arm-none-eabi/lib/armv7e-m/fpu/libc_nano.a(lib_a-fini.o)
 .comment       0x0000000000000042       0x22 /usr/lib/gcc/arm-none-eabi/6.2.0/../../../../arm-none-eabi/lib/armv7e-m/fpu/libc_nano.a(lib_a-impure.o)
 .comment       0x0000000000000042       0x22 /usr/lib/gcc/arm-none-eabi/6.2.0/../../../../arm-none-eabi/lib/armv7e-m/fpu/libc_nano.a(lib_a-init.o)
 .comment       0x0000000000000042       0x22 /usr/lib/gcc/arm-none-eabi/6.2.0/../../../../arm-none-eabi/lib/armv7e-m/fpu/libc_nano.a(lib_a-memset.o)
 .comment       0x0000000000000042       0x22 /usr/lib/gcc/arm-none-eabi/6.2.0/../../../../arm-none-eabi/lib/armv7e-m/fpu/libc_nano.a(lib_a-__atexit.o)
 .comment       0x0000000000000042       0x22 /usr/lib/gcc/arm-none-eabi/6.2.0/../../../../arm-none-eabi/lib/armv7e-m/fpu/libc_nano.a(lib_a-__call_atexit.o)
 .comment       0x0000000000000042       0x22 /usr/lib/gcc/arm-none-eabi/6.2.0/../../../../arm-none-eabi/lib/armv7e-m/fpu/libnosys.a(_exit.o)
 .comment       0x0000000000000042       0x22 _build/system_nrf52.o
 .comment       0x0000000000000042       0x22 _build/main.o
 .comment       0x0000000000000042       0x22 _build/app_error.o
 .comment       0x0000000000000042       0x22 _build/app_error_weak.o
 .comment       0x0000000000000042       0x22 _build/app_pwm.o
 .comment       0x0000000000000042       0x22 _build/app_util_platform.o
 .comment       0x0000000000000042       0x22 _build/nrf_delay.o
 .comment       0x0000000000000042       0x22 _build/nrf_drv_common.o
 .comment       0x0000000000000042       0x22 _build/nrf_drv_gpiote.o
 .comment       0x0000000000000042       0x22 _build/nrf_drv_ppi.o
 .comment       0x0000000000000042       0x22 _build/nrf_drv_timer.o
 .comment       0x0000000000000042       0x22 /usr/lib/gcc/arm-none-eabi/6.2.0/armv7e-m/fpu/crtend.o

.debug_line     0x0000000000000000     0x6744
 .debug_line    0x0000000000000000       0x7e /usr/lib/gcc/arm-none-eabi/6.2.0/../../../../arm-none-eabi/lib/armv7e-m/fpu/crt0.o
 .debug_line    0x000000000000007e      0x141 /usr/lib/gcc/arm-none-eabi/6.2.0/../../../../arm-none-eabi/lib/armv7e-m/fpu/libc_nano.a(lib_a-atexit.o)
 .debug_line    0x00000000000001bf      0x145 /usr/lib/gcc/arm-none-eabi/6.2.0/../../../../arm-none-eabi/lib/armv7e-m/fpu/libc_nano.a(lib_a-exit.o)
 .debug_line    0x0000000000000304       0x9f /usr/lib/gcc/arm-none-eabi/6.2.0/../../../../arm-none-eabi/lib/armv7e-m/fpu/libc_nano.a(lib_a-fini.o)
 .debug_line    0x00000000000003a3       0xe1 /usr/lib/gcc/arm-none-eabi/6.2.0/../../../../arm-none-eabi/lib/armv7e-m/fpu/libc_nano.a(lib_a-impure.o)
 .debug_line    0x0000000000000484       0xb8 /usr/lib/gcc/arm-none-eabi/6.2.0/../../../../arm-none-eabi/lib/armv7e-m/fpu/libc_nano.a(lib_a-init.o)
 .debug_line    0x000000000000053c      0x166 /usr/lib/gcc/arm-none-eabi/6.2.0/../../../../arm-none-eabi/lib/armv7e-m/fpu/libc_nano.a(lib_a-memset.o)
 .debug_line    0x00000000000006a2      0x17c /usr/lib/gcc/arm-none-eabi/6.2.0/../../../../arm-none-eabi/lib/armv7e-m/fpu/libc_nano.a(lib_a-__atexit.o)
 .debug_line    0x000000000000081e      0x1a9 /usr/lib/gcc/arm-none-eabi/6.2.0/../../../../arm-none-eabi/lib/armv7e-m/fpu/libc_nano.a(lib_a-__call_atexit.o)
 .debug_line    0x00000000000009c7       0x5b /usr/lib/gcc/arm-none-eabi/6.2.0/../../../../arm-none-eabi/lib/armv7e-m/fpu/libnosys.a(_exit.o)
 .debug_line    0x0000000000000a22      0x403 _build/system_nrf52.o
 .debug_line    0x0000000000000e25      0x95b _build/main.o
 .debug_line    0x0000000000001780      0x544 _build/app_error.o
 .debug_line    0x0000000000001cc4      0x50b _build/app_error_weak.o
 .debug_line    0x00000000000021cf      0xfda _build/app_pwm.o
 .debug_line    0x00000000000031a9      0x56e _build/app_util_platform.o
 .debug_line    0x0000000000003717      0x43f _build/nrf_delay.o
 .debug_line    0x0000000000003b56      0x698 _build/nrf_drv_common.o
 .debug_line    0x00000000000041ee      0xee2 _build/nrf_drv_gpiote.o
 .debug_line    0x00000000000050d0      0xb05 _build/nrf_drv_ppi.o
 .debug_line    0x0000000000005bd5      0xb6f _build/nrf_drv_timer.o

.debug_info     0x0000000000000000    0x12db5
 .debug_info    0x0000000000000000       0xa4 /usr/lib/gcc/arm-none-eabi/6.2.0/../../../../arm-none-eabi/lib/armv7e-m/fpu/crt0.o
 .debug_info    0x00000000000000a4      0x902 /usr/lib/gcc/arm-none-eabi/6.2.0/../../../../arm-none-eabi/lib/armv7e-m/fpu/libc_nano.a(lib_a-atexit.o)
 .debug_info    0x00000000000009a6      0x94e /usr/lib/gcc/arm-none-eabi/6.2.0/../../../../arm-none-eabi/lib/armv7e-m/fpu/libc_nano.a(lib_a-exit.o)
 .debug_info    0x00000000000012f4       0xfa /usr/lib/gcc/arm-none-eabi/6.2.0/../../../../arm-none-eabi/lib/armv7e-m/fpu/libc_nano.a(lib_a-fini.o)
 .debug_info    0x00000000000013ee      0x8a0 /usr/lib/gcc/arm-none-eabi/6.2.0/../../../../arm-none-eabi/lib/armv7e-m/fpu/libc_nano.a(lib_a-impure.o)
 .debug_info    0x0000000000001c8e      0x110 /usr/lib/gcc/arm-none-eabi/6.2.0/../../../../arm-none-eabi/lib/armv7e-m/fpu/libc_nano.a(lib_a-init.o)
 .debug_info    0x0000000000001d9e      0x916 /usr/lib/gcc/arm-none-eabi/6.2.0/../../../../arm-none-eabi/lib/armv7e-m/fpu/libc_nano.a(lib_a-memset.o)
 .debug_info    0x00000000000026b4      0x9a0 /usr/lib/gcc/arm-none-eabi/6.2.0/../../../../arm-none-eabi/lib/armv7e-m/fpu/libc_nano.a(lib_a-__atexit.o)
 .debug_info    0x0000000000003054      0x98a /usr/lib/gcc/arm-none-eabi/6.2.0/../../../../arm-none-eabi/lib/armv7e-m/fpu/libc_nano.a(lib_a-__call_atexit.o)
 .debug_info    0x00000000000039de       0x9a /usr/lib/gcc/arm-none-eabi/6.2.0/../../../../arm-none-eabi/lib/armv7e-m/fpu/libnosys.a(_exit.o)
 .debug_info    0x0000000000003a78      0xdb6 _build/system_nrf52.o
 .debug_info    0x000000000000482e      0xfe7 _build/main.o
 .debug_info    0x0000000000005815      0xb5f _build/app_error.o
 .debug_info    0x0000000000006374      0xb3a _build/app_error_weak.o
 .debug_info    0x0000000000006eae     0x3e3c _build/app_pwm.o
 .debug_info    0x000000000000acea      0x9f4 _build/app_util_platform.o
 .debug_info    0x000000000000b6de      0x93e _build/nrf_delay.o
 .debug_info    0x000000000000c01c      0xdd7 _build/nrf_drv_common.o
 .debug_info    0x000000000000cdf3     0x2909 _build/nrf_drv_gpiote.o
 .debug_info    0x000000000000f6fc     0x1832 _build/nrf_drv_ppi.o
 .debug_info    0x0000000000010f2e     0x1e87 _build/nrf_drv_timer.o

.debug_abbrev   0x0000000000000000     0x2e17
 .debug_abbrev  0x0000000000000000       0x14 /usr/lib/gcc/arm-none-eabi/6.2.0/../../../../arm-none-eabi/lib/armv7e-m/fpu/crt0.o
 .debug_abbrev  0x0000000000000014      0x1c0 /usr/lib/gcc/arm-none-eabi/6.2.0/../../../../arm-none-eabi/lib/armv7e-m/fpu/libc_nano.a(lib_a-atexit.o)
 .debug_abbrev  0x00000000000001d4      0x1c4 /usr/lib/gcc/arm-none-eabi/6.2.0/../../../../arm-none-eabi/lib/armv7e-m/fpu/libc_nano.a(lib_a-exit.o)
 .debug_abbrev  0x0000000000000398       0xbd /usr/lib/gcc/arm-none-eabi/6.2.0/../../../../arm-none-eabi/lib/armv7e-m/fpu/libc_nano.a(lib_a-fini.o)
 .debug_abbrev  0x0000000000000455      0x153 /usr/lib/gcc/arm-none-eabi/6.2.0/../../../../arm-none-eabi/lib/armv7e-m/fpu/libc_nano.a(lib_a-impure.o)
 .debug_abbrev  0x00000000000005a8       0xba /usr/lib/gcc/arm-none-eabi/6.2.0/../../../../arm-none-eabi/lib/armv7e-m/fpu/libc_nano.a(lib_a-init.o)
 .debug_abbrev  0x0000000000000662      0x197 /usr/lib/gcc/arm-none-eabi/6.2.0/../../../../arm-none-eabi/lib/armv7e-m/fpu/libc_nano.a(lib_a-memset.o)
 .debug_abbrev  0x00000000000007f9      0x227 /usr/lib/gcc/arm-none-eabi/6.2.0/../../../../arm-none-eabi/lib/armv7e-m/fpu/libc_nano.a(lib_a-__atexit.o)
 .debug_abbrev  0x0000000000000a20      0x210 /usr/lib/gcc/arm-none-eabi/6.2.0/../../../../arm-none-eabi/lib/armv7e-m/fpu/libc_nano.a(lib_a-__call_atexit.o)
 .debug_abbrev  0x0000000000000c30       0x61 /usr/lib/gcc/arm-none-eabi/6.2.0/../../../../arm-none-eabi/lib/armv7e-m/fpu/libnosys.a(_exit.o)
 .debug_abbrev  0x0000000000000c91      0x1e0 _build/system_nrf52.o
 .debug_abbrev  0x0000000000000e71      0x29b _build/main.o
 .debug_abbrev  0x000000000000110c      0x22c _build/app_error.o
 .debug_abbrev  0x0000000000001338      0x213 _build/app_error_weak.o
 .debug_abbrev  0x000000000000154b      0x504 _build/app_pwm.o
 .debug_abbrev  0x0000000000001a4f      0x228 _build/app_util_platform.o
 .debug_abbrev  0x0000000000001c77      0x20c _build/nrf_delay.o
 .debug_abbrev  0x0000000000001e83      0x27c _build/nrf_drv_common.o
 .debug_abbrev  0x00000000000020ff      0x541 _build/nrf_drv_gpiote.o
 .debug_abbrev  0x0000000000002640      0x3d4 _build/nrf_drv_ppi.o
 .debug_abbrev  0x0000000000002a14      0x403 _build/nrf_drv_timer.o

.debug_aranges  0x0000000000000000      0x490
 .debug_aranges
                0x0000000000000000       0x20 /usr/lib/gcc/arm-none-eabi/6.2.0/../../../../arm-none-eabi/lib/armv7e-m/fpu/crt0.o
 .debug_aranges
                0x0000000000000020       0x20 /usr/lib/gcc/arm-none-eabi/6.2.0/../../../../arm-none-eabi/lib/armv7e-m/fpu/libc_nano.a(lib_a-atexit.o)
 .debug_aranges
                0x0000000000000040       0x20 /usr/lib/gcc/arm-none-eabi/6.2.0/../../../../arm-none-eabi/lib/armv7e-m/fpu/libc_nano.a(lib_a-exit.o)
 .debug_aranges
                0x0000000000000060       0x20 /usr/lib/gcc/arm-none-eabi/6.2.0/../../../../arm-none-eabi/lib/armv7e-m/fpu/libc_nano.a(lib_a-fini.o)
 .debug_aranges
                0x0000000000000080       0x18 /usr/lib/gcc/arm-none-eabi/6.2.0/../../../../arm-none-eabi/lib/armv7e-m/fpu/libc_nano.a(lib_a-impure.o)
 .debug_aranges
                0x0000000000000098       0x20 /usr/lib/gcc/arm-none-eabi/6.2.0/../../../../arm-none-eabi/lib/armv7e-m/fpu/libc_nano.a(lib_a-init.o)
 .debug_aranges
                0x00000000000000b8       0x20 /usr/lib/gcc/arm-none-eabi/6.2.0/../../../../arm-none-eabi/lib/armv7e-m/fpu/libc_nano.a(lib_a-memset.o)
 .debug_aranges
                0x00000000000000d8       0x20 /usr/lib/gcc/arm-none-eabi/6.2.0/../../../../arm-none-eabi/lib/armv7e-m/fpu/libc_nano.a(lib_a-__atexit.o)
 .debug_aranges
                0x00000000000000f8       0x20 /usr/lib/gcc/arm-none-eabi/6.2.0/../../../../arm-none-eabi/lib/armv7e-m/fpu/libc_nano.a(lib_a-__call_atexit.o)
 .debug_aranges
                0x0000000000000118       0x20 /usr/lib/gcc/arm-none-eabi/6.2.0/../../../../arm-none-eabi/lib/armv7e-m/fpu/libnosys.a(_exit.o)
 .debug_aranges
                0x0000000000000138       0x28 _build/system_nrf52.o
 .debug_aranges
                0x0000000000000160       0x28 _build/main.o
 .debug_aranges
                0x0000000000000188       0x30 _build/app_error.o
 .debug_aranges
                0x00000000000001b8       0x20 _build/app_error_weak.o
 .debug_aranges
                0x00000000000001d8       0x70 _build/app_pwm.o
 .debug_aranges
                0x0000000000000248       0x38 _build/app_util_platform.o
 .debug_aranges
                0x0000000000000280       0x20 _build/nrf_delay.o
 .debug_aranges
                0x00000000000002a0       0x20 _build/nrf_drv_common.o
 .debug_aranges
                0x00000000000002c0       0xb8 _build/nrf_drv_gpiote.o
 .debug_aranges
                0x0000000000000378       0x88 _build/nrf_drv_ppi.o
 .debug_aranges
                0x0000000000000400       0x90 _build/nrf_drv_timer.o

.debug_loc      0x0000000000000000     0x5960
 .debug_loc     0x0000000000000000       0x2c /usr/lib/gcc/arm-none-eabi/6.2.0/../../../../arm-none-eabi/lib/armv7e-m/fpu/libc_nano.a(lib_a-atexit.o)
 .debug_loc     0x000000000000002c       0x1e /usr/lib/gcc/arm-none-eabi/6.2.0/../../../../arm-none-eabi/lib/armv7e-m/fpu/libc_nano.a(lib_a-exit.o)
 .debug_loc     0x000000000000004a       0x5c /usr/lib/gcc/arm-none-eabi/6.2.0/../../../../arm-none-eabi/lib/armv7e-m/fpu/libc_nano.a(lib_a-fini.o)
 .debug_loc     0x00000000000000a6       0xae /usr/lib/gcc/arm-none-eabi/6.2.0/../../../../arm-none-eabi/lib/armv7e-m/fpu/libc_nano.a(lib_a-init.o)
 .debug_loc     0x0000000000000154      0x1bd /usr/lib/gcc/arm-none-eabi/6.2.0/../../../../arm-none-eabi/lib/armv7e-m/fpu/libc_nano.a(lib_a-memset.o)
 .debug_loc     0x0000000000000311      0x1e7 /usr/lib/gcc/arm-none-eabi/6.2.0/../../../../arm-none-eabi/lib/armv7e-m/fpu/libc_nano.a(lib_a-__atexit.o)
 .debug_loc     0x00000000000004f8      0x173 /usr/lib/gcc/arm-none-eabi/6.2.0/../../../../arm-none-eabi/lib/armv7e-m/fpu/libc_nano.a(lib_a-__call_atexit.o)
 .debug_loc     0x000000000000066b       0x6e _build/main.o
 .debug_loc     0x00000000000006d9      0x145 _build/app_error.o
 .debug_loc     0x000000000000081e       0x42 _build/app_error_weak.o
 .debug_loc     0x0000000000000860     0x2160 _build/app_pwm.o
 .debug_loc     0x00000000000029c0       0x37 _build/nrf_delay.o
 .debug_loc     0x00000000000029f7       0xd6 _build/nrf_drv_common.o
 .debug_loc     0x0000000000002acd     0x1c67 _build/nrf_drv_gpiote.o
 .debug_loc     0x0000000000004734      0x762 _build/nrf_drv_ppi.o
 .debug_loc     0x0000000000004e96      0xaca _build/nrf_drv_timer.o

.debug_str      0x0000000000000000    0x77466
 .debug_str     0x0000000000000000      0x50e /usr/lib/gcc/arm-none-eabi/6.2.0/../../../../arm-none-eabi/lib/armv7e-m/fpu/libc_nano.a(lib_a-atexit.o)
                                        0x62a (size before relaxing)
 .debug_str     0x000000000000050e       0x66 /usr/lib/gcc/arm-none-eabi/6.2.0/../../../../arm-none-eabi/lib/armv7e-m/fpu/libc_nano.a(lib_a-exit.o)
                                        0x62b (size before relaxing)
 .debug_str     0x0000000000000574       0xc3 /usr/lib/gcc/arm-none-eabi/6.2.0/../../../../arm-none-eabi/lib/armv7e-m/fpu/libc_nano.a(lib_a-fini.o)
                                        0x206 (size before relaxing)
 .debug_str     0x0000000000000637       0x97 /usr/lib/gcc/arm-none-eabi/6.2.0/../../../../arm-none-eabi/lib/armv7e-m/fpu/libc_nano.a(lib_a-impure.o)
                                        0x5df (size before relaxing)
 .debug_str     0x00000000000006ce       0x8d /usr/lib/gcc/arm-none-eabi/6.2.0/../../../../arm-none-eabi/lib/armv7e-m/fpu/libc_nano.a(lib_a-init.o)
                                        0x230 (size before relaxing)
 .debug_str     0x000000000000075b       0xa8 /usr/lib/gcc/arm-none-eabi/6.2.0/../../../../arm-none-eabi/lib/armv7e-m/fpu/libc_nano.a(lib_a-memset.o)
                                        0x5f7 (size before relaxing)
 .debug_str     0x0000000000000803       0x6f /usr/lib/gcc/arm-none-eabi/6.2.0/../../../../arm-none-eabi/lib/armv7e-m/fpu/libc_nano.a(lib_a-__atexit.o)
                                        0x672 (size before relaxing)
 .debug_str     0x0000000000000872       0x46 /usr/lib/gcc/arm-none-eabi/6.2.0/../../../../arm-none-eabi/lib/armv7e-m/fpu/libc_nano.a(lib_a-__call_atexit.o)
                                        0x622 (size before relaxing)
 .debug_str     0x00000000000008b8       0xe4 /usr/lib/gcc/arm-none-eabi/6.2.0/../../../../arm-none-eabi/lib/armv7e-m/fpu/libnosys.a(_exit.o)
                                        0x17a (size before relaxing)
 .debug_str     0x000000000000099c    0x6bdce _build/system_nrf52.o
                                      0x6c835 (size before relaxing)
 .debug_str     0x000000000006c76a     0x74f8 _build/main.o
                                      0x73db9 (size before relaxing)
 .debug_str     0x0000000000073c62      0x132 _build/app_error.o
                                      0x7187d (size before relaxing)
 .debug_str     0x0000000000073d94       0x5e _build/app_error_weak.o
                                      0x717f7 (size before relaxing)
 .debug_str     0x0000000000073df2     0x198d _build/app_pwm.o
                                      0x746fd (size before relaxing)
 .debug_str     0x000000000007577f       0xe5 _build/app_util_platform.o
                                      0x719a7 (size before relaxing)
 .debug_str     0x0000000000075864       0x89 _build/nrf_delay.o
                                      0x700be (size before relaxing)
 .debug_str     0x00000000000758ed      0x2a5 _build/nrf_drv_common.o
                                      0x72359 (size before relaxing)
 .debug_str     0x0000000000075b92      0xdd6 _build/nrf_drv_gpiote.o
                                      0x73960 (size before relaxing)
 .debug_str     0x0000000000076968      0x70f _build/nrf_drv_ppi.o
                                      0x72f14 (size before relaxing)
 .debug_str     0x0000000000077077      0x3ef _build/nrf_drv_timer.o
                                      0x73305 (size before relaxing)

.debug_frame    0x0000000000000000      0x9c4
 .debug_frame   0x0000000000000000       0x20 /usr/lib/gcc/arm-none-eabi/6.2.0/../../../../arm-none-eabi/lib/armv7e-m/fpu/libc_nano.a(lib_a-atexit.o)
 .debug_frame   0x0000000000000020       0x28 /usr/lib/gcc/arm-none-eabi/6.2.0/../../../../arm-none-eabi/lib/armv7e-m/fpu/libc_nano.a(lib_a-exit.o)
 .debug_frame   0x0000000000000048       0x34 /usr/lib/gcc/arm-none-eabi/6.2.0/../../../../arm-none-eabi/lib/armv7e-m/fpu/libc_nano.a(lib_a-fini.o)
 .debug_frame   0x000000000000007c       0x2c /usr/lib/gcc/arm-none-eabi/6.2.0/../../../../arm-none-eabi/lib/armv7e-m/fpu/libc_nano.a(lib_a-init.o)
 .debug_frame   0x00000000000000a8       0x34 /usr/lib/gcc/arm-none-eabi/6.2.0/../../../../arm-none-eabi/lib/armv7e-m/fpu/libc_nano.a(lib_a-memset.o)
 .debug_frame   0x00000000000000dc       0x34 /usr/lib/gcc/arm-none-eabi/6.2.0/../../../../arm-none-eabi/lib/armv7e-m/fpu/libc_nano.a(lib_a-__atexit.o)
 .debug_frame   0x0000000000000110       0x40 /usr/lib/gcc/arm-none-eabi/6.2.0/../../../../arm-none-eabi/lib/armv7e-m/fpu/libc_nano.a(lib_a-__call_atexit.o)
 .debug_frame   0x0000000000000150       0x20 /usr/lib/gcc/arm-none-eabi/6.2.0/../../../../arm-none-eabi/lib/armv7e-m/fpu/libnosys.a(_exit.o)
 .debug_frame   0x0000000000000170       0x48 _build/system_nrf52.o
 .debug_frame   0x00000000000001b8       0x44 _build/main.o
 .debug_frame   0x00000000000001fc       0x70 _build/app_error.o
 .debug_frame   0x000000000000026c       0x20 _build/app_error_weak.o
 .debug_frame   0x000000000000028c      0x188 _build/app_pwm.o
 .debug_frame   0x0000000000000414       0x50 _build/app_util_platform.o
 .debug_frame   0x0000000000000464       0x28 _build/nrf_delay.o
 .debug_frame   0x000000000000048c       0x2c _build/nrf_drv_common.o
 .debug_frame   0x00000000000004b8      0x220 _build/nrf_drv_gpiote.o
 .debug_frame   0x00000000000006d8      0x174 _build/nrf_drv_ppi.o
 .debug_frame   0x000000000000084c      0x178 _build/nrf_drv_timer.o

.debug_ranges   0x0000000000000000     0x1880
 .debug_ranges  0x0000000000000000       0x20 /usr/lib/gcc/arm-none-eabi/6.2.0/../../../../arm-none-eabi/lib/armv7e-m/fpu/libc_nano.a(lib_a-__call_atexit.o)
 .debug_ranges  0x0000000000000020       0xf0 _build/system_nrf52.o
 .debug_ranges  0x0000000000000110       0x50 _build/main.o
 .debug_ranges  0x0000000000000160       0x20 _build/app_error.o
 .debug_ranges  0x0000000000000180       0x10 _build/app_error_weak.o
 .debug_ranges  0x0000000000000190      0x870 _build/app_pwm.o
 .debug_ranges  0x0000000000000a00       0x28 _build/app_util_platform.o
 .debug_ranges  0x0000000000000a28       0x10 _build/nrf_delay.o
 .debug_ranges  0x0000000000000a38       0x30 _build/nrf_drv_common.o
 .debug_ranges  0x0000000000000a68      0x8b0 _build/nrf_drv_gpiote.o
 .debug_ranges  0x0000000000001318      0x2a0 _build/nrf_drv_ppi.o
 .debug_ranges  0x00000000000015b8      0x2c8 _build/nrf_drv_timer.o

.debug_macro    0x0000000000000000    0x16d95
 .debug_macro   0x0000000000000000       0xf5 _build/system_nrf52.o
 .debug_macro   0x00000000000000f5      0x90a _build/system_nrf52.o
 .debug_macro   0x00000000000009ff       0x22 _build/system_nrf52.o
 .debug_macro   0x0000000000000a21       0x87 _build/system_nrf52.o
 .debug_macro   0x0000000000000aa8       0x44 _build/system_nrf52.o
 .debug_macro   0x0000000000000aec       0xfd _build/system_nrf52.o
 .debug_macro   0x0000000000000be9       0x22 _build/system_nrf52.o
 .debug_macro   0x0000000000000c0b      0x1df _build/system_nrf52.o
 .debug_macro   0x0000000000000dea       0x22 _build/system_nrf52.o
 .debug_macro   0x0000000000000e0c       0x1c _build/system_nrf52.o
 .debug_macro   0x0000000000000e28       0x2d _build/system_nrf52.o
 .debug_macro   0x0000000000000e55       0x3b _build/system_nrf52.o
 .debug_macro   0x0000000000000e90       0x50 _build/system_nrf52.o
 .debug_macro   0x0000000000000ee0      0xe66 _build/system_nrf52.o
 .debug_macro   0x0000000000001d46      0x3a0 _build/system_nrf52.o
 .debug_macro   0x00000000000020e6    0x10245 _build/system_nrf52.o
 .debug_macro   0x000000000001232b     0x12c7 _build/system_nrf52.o
 .debug_macro   0x00000000000135f2       0x7c _build/system_nrf52.o
 .debug_macro   0x000000000001366e       0x1c _build/system_nrf52.o
 .debug_macro   0x000000000001368a      0x343 _build/main.o
 .debug_macro   0x00000000000139cd       0x4c _build/main.o
 .debug_macro   0x0000000000013a19       0x35 _build/main.o
 .debug_macro   0x0000000000013a4e       0x9c _build/main.o
 .debug_macro   0x0000000000013aea       0x16 _build/main.o
 .debug_macro   0x0000000000013b00       0x97 _build/main.o
 .debug_macro   0x0000000000013b97      0x330 _build/main.o
 .debug_macro   0x0000000000013ec7       0xf6 _build/main.o
 .debug_macro   0x0000000000013fbd       0x10 _build/main.o
 .debug_macro   0x0000000000013fcd       0x52 _build/main.o
 .debug_macro   0x000000000001401f       0x16 _build/main.o
 .debug_macro   0x0000000000014035       0x43 _build/main.o
 .debug_macro   0x0000000000014078      0x187 _build/main.o
 .debug_macro   0x00000000000141ff       0x22 _build/main.o
 .debug_macro   0x0000000000014221       0x3a _build/main.o
 .debug_macro   0x000000000001425b       0x10 _build/main.o
 .debug_macro   0x000000000001426b       0x40 _build/main.o
 .debug_macro   0x00000000000142ab       0x6c _build/main.o
 .debug_macro   0x0000000000014317       0x16 _build/main.o
 .debug_macro   0x000000000001432d      0x182 _build/main.o
 .debug_macro   0x00000000000144af       0x8e _build/main.o
 .debug_macro   0x000000000001453d       0x70 _build/main.o
 .debug_macro   0x00000000000145ad      0x11e _build/main.o
 .debug_macro   0x00000000000146cb       0x52 _build/main.o
 .debug_macro   0x000000000001471d       0x67 _build/main.o
 .debug_macro   0x0000000000014784       0xbb _build/main.o
 .debug_macro   0x000000000001483f       0x2b _build/main.o
 .debug_macro   0x000000000001486a       0x10 _build/main.o
 .debug_macro   0x000000000001487a      0x280 _build/main.o
 .debug_macro   0x0000000000014afa       0x22 _build/main.o
 .debug_macro   0x0000000000014b1c       0x4c _build/main.o
 .debug_macro   0x0000000000014b68      0x187 _build/main.o
 .debug_macro   0x0000000000014cef       0x10 _build/main.o
 .debug_macro   0x0000000000014cff       0x28 _build/main.o
 .debug_macro   0x0000000000014d27       0x10 _build/main.o
 .debug_macro   0x0000000000014d37       0x64 _build/main.o
 .debug_macro   0x0000000000014d9b       0x16 _build/main.o
 .debug_macro   0x0000000000014db1       0x22 _build/main.o
 .debug_macro   0x0000000000014dd3      0x279 _build/app_error.o
 .debug_macro   0x000000000001504c       0x35 _build/app_error.o
 .debug_macro   0x0000000000015081      0x273 _build/app_error_weak.o
 .debug_macro   0x00000000000152f4      0x39d _build/app_pwm.o
 .debug_macro   0x0000000000015691      0x16d _build/app_pwm.o
 .debug_macro   0x00000000000157fe       0x35 _build/app_pwm.o
 .debug_macro   0x0000000000015833       0x11 _build/app_pwm.o
 .debug_macro   0x0000000000015844       0x2e _build/app_pwm.o
 .debug_macro   0x0000000000015872       0x60 _build/app_pwm.o
 .debug_macro   0x00000000000158d2      0x28c _build/app_util_platform.o
 .debug_macro   0x0000000000015b5e       0x28 _build/app_util_platform.o
 .debug_macro   0x0000000000015b86       0x6d _build/app_util_platform.o
 .debug_macro   0x0000000000015bf3      0x213 _build/nrf_delay.o
 .debug_macro   0x0000000000015e06       0x46 _build/nrf_delay.o
 .debug_macro   0x0000000000015e4c       0x8d _build/nrf_delay.o
 .debug_macro   0x0000000000015ed9       0x4a _build/nrf_delay.o
 .debug_macro   0x0000000000015f23      0x2c2 _build/nrf_drv_common.o
 .debug_macro   0x00000000000161e5      0x312 _build/nrf_drv_gpiote.o
 .debug_macro   0x00000000000164f7      0x341 _build/nrf_drv_ppi.o
 .debug_macro   0x0000000000016838       0x16 _build/nrf_drv_ppi.o
 .debug_macro   0x000000000001684e      0x10e _build/nrf_drv_ppi.o
 .debug_macro   0x000000000001695c       0x86 _build/nrf_drv_ppi.o
 .debug_macro   0x00000000000169e2       0x16 _build/nrf_drv_ppi.o
 .debug_macro   0x00000000000169f8       0x29 _build/nrf_drv_ppi.o
 .debug_macro   0x0000000000016a21       0x1c _build/nrf_drv_ppi.o
 .debug_macro   0x0000000000016a3d       0x16 _build/nrf_drv_ppi.o
 .debug_macro   0x0000000000016a53       0x22 _build/nrf_drv_ppi.o
 .debug_macro   0x0000000000016a75       0x37 _build/nrf_drv_ppi.o
 .debug_macro   0x0000000000016aac      0x2e9 _build/nrf_drv_timer.o
